../Core/Src/main.c:99:6:HAL_GPIO_EXTI_Callback	16	static
../Core/Src/main.c:105:5:_write	24	static
../Core/Src/main.c:115:5:main	272	static
../Core/Src/main.c:267:6:SystemClock_Config	88	static
../Core/Src/main.c:311:13:MX_SPI1_Init	8	static
../Core/Src/main.c:347:13:MX_SPI3_Init	8	static
../Core/Src/main.c:371:13:MX_USART2_UART_Init	8	static
../Core/Src/main.c:401:13:MX_GPIO_Init	48	static
../Core/Src/main.c:542:13:MX_ADC1_Init	16	static
../Core/Src/main.c:569:5:__io_putchar	16	static
../Core/Src/main.c:579:6:Error_Handler	4	static,ignoring_inline_asm
