Archive member included to satisfy reference by file (symbol)

C:/ST/STM32CubeIDE_2.0.0/STM32CubeIDE/plugins/com.st.stm32cube.ide.mcu.externaltools.gnu-tools-for-stm32.13.3.rel1.win32_1.0.100.202509120712/tools/bin/../lib/gcc/arm-none-eabi/13.3.1/../../../../arm-none-eabi/lib/thumb/v7e-m+fp/hard\libc_nano.a(libc_a-exit.o)
                              C:/ST/STM32CubeIDE_2.0.0/STM32CubeIDE/plugins/com.st.stm32cube.ide.mcu.externaltools.gnu-tools-for-stm32.13.3.rel1.win32_1.0.100.202509120712/tools/bin/../lib/gcc/arm-none-eabi/13.3.1/../../../../arm-none-eabi/lib/thumb/v7e-m+fp/hard/crt0.o (exit)
C:/ST/STM32CubeIDE_2.0.0/STM32CubeIDE/plugins/com.st.stm32cube.ide.mcu.externaltools.gnu-tools-for-stm32.13.3.rel1.win32_1.0.100.202509120712/tools/bin/../lib/gcc/arm-none-eabi/13.3.1/../../../../arm-none-eabi/lib/thumb/v7e-m+fp/hard\libc_nano.a(libc_a-malloc.o)
                              ./Core/Src/syscall.o (malloc)
C:/ST/STM32CubeIDE_2.0.0/STM32CubeIDE/plugins/com.st.stm32cube.ide.mcu.externaltools.gnu-tools-for-stm32.13.3.rel1.win32_1.0.100.202509120712/tools/bin/../lib/gcc/arm-none-eabi/13.3.1/../../../../arm-none-eabi/lib/thumb/v7e-m+fp/hard\libc_nano.a(libc_a-mallocr.o)
                              C:/ST/STM32CubeIDE_2.0.0/STM32CubeIDE/plugins/com.st.stm32cube.ide.mcu.externaltools.gnu-tools-for-stm32.13.3.rel1.win32_1.0.100.202509120712/tools/bin/../lib/gcc/arm-none-eabi/13.3.1/../../../../arm-none-eabi/lib/thumb/v7e-m+fp/hard\libc_nano.a(libc_a-malloc.o) (_malloc_r)
C:/ST/STM32CubeIDE_2.0.0/STM32CubeIDE/plugins/com.st.stm32cube.ide.mcu.externaltools.gnu-tools-for-stm32.13.3.rel1.win32_1.0.100.202509120712/tools/bin/../lib/gcc/arm-none-eabi/13.3.1/../../../../arm-none-eabi/lib/thumb/v7e-m+fp/hard\libc_nano.a(libc_a-mlock.o)
                              C:/ST/STM32CubeIDE_2.0.0/STM32CubeIDE/plugins/com.st.stm32cube.ide.mcu.externaltools.gnu-tools-for-stm32.13.3.rel1.win32_1.0.100.202509120712/tools/bin/../lib/gcc/arm-none-eabi/13.3.1/../../../../arm-none-eabi/lib/thumb/v7e-m+fp/hard\libc_nano.a(libc_a-mallocr.o) (__malloc_lock)
C:/ST/STM32CubeIDE_2.0.0/STM32CubeIDE/plugins/com.st.stm32cube.ide.mcu.externaltools.gnu-tools-for-stm32.13.3.rel1.win32_1.0.100.202509120712/tools/bin/../lib/gcc/arm-none-eabi/13.3.1/../../../../arm-none-eabi/lib/thumb/v7e-m+fp/hard\libc_nano.a(libc_a-rand.o)
                              ./Core/Src/game.o (rand)
C:/ST/STM32CubeIDE_2.0.0/STM32CubeIDE/plugins/com.st.stm32cube.ide.mcu.externaltools.gnu-tools-for-stm32.13.3.rel1.win32_1.0.100.202509120712/tools/bin/../lib/gcc/arm-none-eabi/13.3.1/../../../../arm-none-eabi/lib/thumb/v7e-m+fp/hard\libc_nano.a(libc_a-strtoul.o)
                              ./Core/Src/game.o (strtoul)
C:/ST/STM32CubeIDE_2.0.0/STM32CubeIDE/plugins/com.st.stm32cube.ide.mcu.externaltools.gnu-tools-for-stm32.13.3.rel1.win32_1.0.100.202509120712/tools/bin/../lib/gcc/arm-none-eabi/13.3.1/../../../../arm-none-eabi/lib/thumb/v7e-m+fp/hard\libc_nano.a(libc_a-ctype_.o)
                              C:/ST/STM32CubeIDE_2.0.0/STM32CubeIDE/plugins/com.st.stm32cube.ide.mcu.externaltools.gnu-tools-for-stm32.13.3.rel1.win32_1.0.100.202509120712/tools/bin/../lib/gcc/arm-none-eabi/13.3.1/../../../../arm-none-eabi/lib/thumb/v7e-m+fp/hard\libc_nano.a(libc_a-strtoul.o) (_ctype_)
C:/ST/STM32CubeIDE_2.0.0/STM32CubeIDE/plugins/com.st.stm32cube.ide.mcu.externaltools.gnu-tools-for-stm32.13.3.rel1.win32_1.0.100.202509120712/tools/bin/../lib/gcc/arm-none-eabi/13.3.1/../../../../arm-none-eabi/lib/thumb/v7e-m+fp/hard\libc_nano.a(libc_a-nano-vfprintf_float.o)
                              (_printf_float)
C:/ST/STM32CubeIDE_2.0.0/STM32CubeIDE/plugins/com.st.stm32cube.ide.mcu.externaltools.gnu-tools-for-stm32.13.3.rel1.win32_1.0.100.202509120712/tools/bin/../lib/gcc/arm-none-eabi/13.3.1/../../../../arm-none-eabi/lib/thumb/v7e-m+fp/hard\libc_nano.a(libc_a-nano-vfprintf_i.o)
                              C:/ST/STM32CubeIDE_2.0.0/STM32CubeIDE/plugins/com.st.stm32cube.ide.mcu.externaltools.gnu-tools-for-stm32.13.3.rel1.win32_1.0.100.202509120712/tools/bin/../lib/gcc/arm-none-eabi/13.3.1/../../../../arm-none-eabi/lib/thumb/v7e-m+fp/hard\libc_nano.a(libc_a-nano-vfprintf_float.o) (_printf_common)
C:/ST/STM32CubeIDE_2.0.0/STM32CubeIDE/plugins/com.st.stm32cube.ide.mcu.externaltools.gnu-tools-for-stm32.13.3.rel1.win32_1.0.100.202509120712/tools/bin/../lib/gcc/arm-none-eabi/13.3.1/../../../../arm-none-eabi/lib/thumb/v7e-m+fp/hard\libc_nano.a(libc_a-findfp.o)
                              C:/ST/STM32CubeIDE_2.0.0/STM32CubeIDE/plugins/com.st.stm32cube.ide.mcu.externaltools.gnu-tools-for-stm32.13.3.rel1.win32_1.0.100.202509120712/tools/bin/../lib/gcc/arm-none-eabi/13.3.1/../../../../arm-none-eabi/lib/thumb/v7e-m+fp/hard\libc_nano.a(libc_a-exit.o) (__stdio_exit_handler)
[...]
Memory Configuration

Name             Origin             Length             Attributes
RAM              0x20000000         0x00018000         xrw
FLASH            0x08000000         0x00080000         xr
*default*        0x00000000         0xffffffff

Linker script and memory map

LOAD C:/ST/STM32CubeIDE_2.0.0/STM32CubeIDE/plugins/com.st.stm32cube.ide.mcu.externaltools.gnu-tools-for-stm32.13.3.rel1.win32_1.0.100.202509120712/tools/bin/../lib/gcc/arm-none-eabi/13.3.1/thumb/v7e-m+fp/hard/crti.o
LOAD C:/ST/STM32CubeIDE_2.0.0/STM32CubeIDE/plugins/com.st.stm32cube.ide.mcu.externaltools.gnu-tools-for-stm32.13.3.rel1.win32_1.0.100.202509120712/tools/bin/../lib/gcc/arm-none-eabi/13.3.1/thumb/v7e-m+fp/hard/crtbegin.o
LOAD C:/ST/STM32CubeIDE_2.0.0/STM32CubeIDE/plugins/com.st.stm32cube.ide.mcu.externaltools.gnu-tools-for-stm32.13.3.rel1.win32_1.0.100.202509120712/tools/bin/../lib/gcc/arm-none-eabi/13.3.1/../../../../arm-none-eabi/lib/thumb/v7e-m+fp/hard/crt0.o
LOAD ./Core/Src/audio.o
LOAD ./Core/Src/ccsbcs.o
LOAD ./Core/Src/diskio.o
LOAD ./Core/Src/dwin.o
LOAD ./Core/Src/fatfs.o
LOAD ./Core/Src/ff.o
LOAD ./Core/Src/ff_gen_drv.o
LOAD ./Core/Src/fonts.o
LOAD ./Core/Src/game.o
LOAD ./Core/Src/input.o
LOAD ./Core/Src/keypad.o
LOAD ./Core/Src/main.o
LOAD ./Core/Src/st7735.o
LOAD ./Core/Src/stm32f4xx_hal_msp.o
LOAD ./Core/Src/stm32f4xx_it.o
LOAD ./Core/Src/syscall.o
LOAD ./Core/Src/syscalls.o
LOAD ./Core/Src/sysmem.o
LOAD ./Core/Src/system_stm32f4xx.o
LOAD ./Core/Src/tcs3200.o
LOAD ./Core/Src/tm1637.o
LOAD ./Core/Src/user_diskio.o
LOAD ./Core/Startup/startup_stm32f401retx.o
LOAD ./Drivers/STM32F4xx_HAL_Driver/Src/stm32f4xx_hal.o
LOAD ./Drivers/STM32F4xx_HAL_Driver/Src/stm32f4xx_hal_cortex.o
LOAD ./Drivers/STM32F4xx_HAL_Driver/Src/stm32f4xx_hal_dma.o
LOAD ./Drivers/STM32F4xx_HAL_Driver/Src/stm32f4xx_hal_dma_ex.o
LOAD ./Drivers/STM32F4xx_HAL_Driver/Src/stm32f4xx_hal_exti.o
LOAD ./Drivers/STM32F4xx_HAL_Driver/Src/stm32f4xx_hal_flash.o
LOAD ./Drivers/STM32F4xx_HAL_Driver/Src/stm32f4xx_hal_flash_ex.o
LOAD ./Drivers/STM32F4xx_HAL_Driver/Src/stm32f4xx_hal_flash_ramfunc.o
LOAD ./Drivers/STM32F4xx_HAL_Driver/Src/stm32f4xx_hal_gpio.o
LOAD ./Drivers/STM32F4xx_HAL_Driver/Src/stm32f4xx_hal_pwr.o
LOAD ./Drivers/STM32F4xx_HAL_Driver/Src/stm32f4xx_hal_pwr_ex.o
LOAD ./Drivers/STM32F4xx_HAL_Driver/Src/stm32f4xx_hal_rcc.o
LOAD ./Drivers/STM32F4xx_HAL_Driver/Src/stm32f4xx_hal_rcc_ex.o
LOAD ./Drivers/STM32F4xx_HAL_Driver/Src/stm32f4xx_hal_spi.o
LOAD ./Drivers/STM32F4xx_HAL_Driver/Src/stm32f4xx_hal_uart.o
START GROUP
LOAD C:/ST/STM32CubeIDE_2.0.0/STM32CubeIDE/plugins/com.st.stm32cube.ide.mcu.externaltools.gnu-tools-for-stm32.13.3.rel1.win32_1.0.100.202509120712/tools/bin/../lib/gcc/arm-none-eabi/13.3.1/../../../../arm-none-eabi/lib/thumb/v7e-m+fp/hard\libc_nano.a
LOAD C:/ST/STM32CubeIDE_2.0.0/STM32CubeIDE/plugins/com.st.stm32cube.ide.mcu.externaltools.gnu-tools-for-stm32.13.3.rel1.win32_1.0.100.202509120712/tools/bin/../lib/gcc/arm-none-eabi/13.3.1/../../../../arm-none-eabi/lib/thumb/v7e-m+fp/hard\libm.a
END GROUP
START GROUP
LOAD C:/ST/STM32CubeIDE_2.0.0/STM32CubeIDE/plugins/com.st.stm32cube.ide.mcu.externaltools.gnu-tools-for-stm32.13.3.rel1.win32_1.0.100.202509120712/tools/bin/../lib/gcc/arm-none-eabi/13.3.1/thumb/v7e-m+fp/hard\libgcc.a
LOAD C:/ST/STM32CubeIDE_2.0.0/STM32CubeIDE/plugins/com.st.stm32cube.ide.mcu.externaltools.gnu-tools-for-stm32.13.3.rel1.win32_1.0.100.202509120712/tools/bin/../lib/gcc/arm-none-eabi/13.3.1/../../../../arm-none-eabi/lib/thumb/v7e-m+fp/hard\libc_nano.a
END GROUP
START GROUP
LOAD C:/ST/STM32CubeIDE_2.0.0/STM32CubeIDE/plugins/com.st.stm32cube.ide.mcu.externaltools.gnu-tools-for-stm32.13.3.rel1.win32_1.0.100.202509120712/tools/bin/../lib/gcc/arm-none-eabi/13.3.1/thumb/v7e-m+fp/hard\libgcc.a
LOAD C:/ST/STM32CubeIDE_2.0.0/STM32CubeIDE/plugins/com.st.stm32cube.ide.mcu.externaltools.gnu-tools-for-stm32.13.3.rel1.win32_1.0.100.202509120712/tools/bin/../lib/gcc/arm-none-eabi/13.3.1/../../../../arm-none-eabi/lib/thumb/v7e-m+fp/hard\libc_nano.a
LOAD C:/ST/STM32CubeIDE_2.0.0/STM32CubeIDE/plugins/com.st.stm32cube.ide.mcu.externaltools.gnu-tools-for-stm32.13.3.rel1.win32_1.0.100.202509120712/tools/bin/../lib/gcc/arm-none-eabi/13.3.1/../../../../arm-none-eabi/lib/thumb/v7e-m+fp/hard\libnosys.a
END GROUP
START GROUP
LOAD C:/ST/STM32CubeIDE_2.0.0/STM32CubeIDE/plugins/com.st.stm32cube.ide.mcu.externaltools.gnu-tools-for-stm32.13.3.rel1.win32_1.0.100.202509120712/tools/bin/../lib/gcc/arm-none-eabi/13.3.1/thumb/v7e-m+fp/hard\libgcc.a
LOAD C:/ST/STM32CubeIDE_2.0.0/STM32CubeIDE/plugins/com.st.stm32cube.ide.mcu.externaltools.gnu-tools-for-stm32.13.3.rel1.win32_1.0.100.202509120712/tools/bin/../lib/gcc/arm-none-eabi/13.3.1/../../../../arm-none-eabi/lib/thumb/v7e-m+fp/hard\libc_nano.a
LOAD C:/ST/STM32CubeIDE_2.0.0/STM32CubeIDE/plugins/com.st.stm32cube.ide.mcu.externaltools.gnu-tools-for-stm32.13.3.rel1.win32_1.0.100.202509120712/tools/bin/../lib/gcc/arm-none-eabi/13.3.1/../../../../arm-none-eabi/lib/thumb/v7e-m+fp/hard\libnosys.a
END GROUP
LOAD C:/ST/STM32CubeIDE_2.0.0/STM32CubeIDE/plugins/com.st.stm32cube.ide.mcu.externaltools.gnu-tools-for-stm32.13.3.rel1.win32_1.0.100.202509120712/tools/bin/../lib/gcc/arm-none-eabi/13.3.1/thumb/v7e-m+fp/hard/crtend.o
LOAD C:/ST/STM32CubeIDE_2.0.0/STM32CubeIDE/plugins/com.st.stm32cube.ide.mcu.externaltools.gnu-tools-for-stm32.13.3.rel1.win32_1.0.100.202509120712/tools/bin/../lib/gcc/arm-none-eabi/13.3.1/thumb/v7e-m+fp/hard/crtn.o
                0x20018000                        _estack = (ORIGIN (RAM) + LENGTH (RAM))
                0x00000200                        _Min_Heap_Size = 0x200
                0x00000400                        _Min_Stack_Size = 0x400

.isr_vector     0x08000000      0x194
                0x08000000                        . = ALIGN (0x4)
 *(.isr_vector)
 .isr_vector    0x08000000      0x194 ./Core/Startup/startup_stm32f401retx.o
                0x08000000                g_pfnVectors
                0x08000194                        . = ALIGN (0x4)

.text           0x080001a0     0xcdc8
                0x080001a0                        . = ALIGN (0x4)
 *(.text)
 .text          0x080001a0       0x40 C:/ST/STM32CubeIDE_2.0.0/STM32CubeIDE/plugins/com.st.stm32cube.ide.mcu.externaltools.gnu-tools-for-stm32.13.3.rel1.win32_1.0.100.202509120712/tools/bin/../lib/gcc/arm-none-eabi/13.3.1/thumb/v7e-m+fp/hard/crtbegin.o
 .text          0x080001e0       0xa0 C:/ST/STM32CubeIDE_2.0.0/STM32CubeIDE/plugins/com.st.stm32cube.ide.mcu.externaltools.gnu-tools-for-stm32.13.3.rel1.win32_1.0.100.202509120712/tools/bin/../lib/gcc/arm-none-eabi/13.3.1/../../../../arm-none-eabi/lib/thumb/v7e-m+fp/hard\libc_nano.a(libc_a-memchr.o)
                0x080001e0                memchr
 .text          0x08000280       0x10 C:/ST/STM32CubeIDE_2.0.0/STM32CubeIDE/plugins/com.st.stm32cube.ide.mcu.externaltools.gnu-tools-for-stm32.13.3.rel1.win32_1.0.100.202509120712/tools/bin/../lib/gcc/arm-none-eabi/13.3.1/../../../../arm-none-eabi/lib/thumb/v7e-m+fp/hard\libc_nano.a(libc_a-strlen.o)
                0x08000280                strlen
 .text          0x08000290      0x378 C:/ST/STM32CubeIDE_2.0.0/STM32CubeIDE/plugins/com.st.stm32cube.ide.mcu.externaltools.gnu-tools-for-stm32.13.3.rel1.win32_1.0.100.202509120712/tools/bin/../lib/gcc/arm-none-eabi/13.3.1/thumb/v7e-m+fp/hard\libgcc.a(_arm_addsubdf3.o)
                0x08000290                __aeabi_drsub
                0x08000298                __aeabi_dsub
                0x08000298                __subdf3
                0x0800029c                __aeabi_dadd
                0x0800029c                __adddf3
                0x08000514                __floatunsidf
                0x08000514                __aeabi_ui2d
                0x08000534                __floatsidf
                0x08000534                __aeabi_i2d
                0x08000558                __aeabi_f2d
                0x08000558                __extendsfdf2
                0x0800059c                __floatundidf
                0x0800059c                __aeabi_ul2d
                0x080005ac                __floatdidf
                0x080005ac                __aeabi_l2d
 .text          0x08000608      0x424 C:/ST/STM32CubeIDE_2.0.0/STM32CubeIDE/plugins/com.st.stm32cube.ide.mcu.externaltools.gnu-tools-for-stm32.13.3.rel1.win32_1.0.100.202509120712/tools/bin/../lib/gcc/arm-none-eabi/13.3.1/thumb/v7e-m+fp/hard\libgcc.a(_arm_muldivdf3.o)
                0x08000608                __aeabi_dmul
                0x08000608                __muldf3
                0x0800085c                __divdf3
                0x0800085c                __aeabi_ddiv
 .text          0x08000a2c      0x110 C:/ST/STM32CubeIDE_2.0.0/STM32CubeIDE/plugins/com.st.stm32cube.ide.mcu.externaltools.gnu-tools-for-stm32.13.3.rel1.win32_1.0.100.202509120712/tools/bin/../lib/gcc/arm-none-eabi/13.3.1/thumb/v7e-m+fp/hard\libgcc.a(_arm_cmpdf2.o)
                0x08000a2c                __gtdf2
                0x08000a2c                __gedf2
                0x08000a34                __ltdf2
                0x08000a34                __ledf2
                0x08000a3c                __nedf2
                0x08000a3c                __eqdf2
                0x08000a3c                __cmpdf2
                0x08000ab8                __aeabi_cdrcmple
                0x08000ac8                __aeabi_cdcmpeq
                0x08000ac8                __aeabi_cdcmple
                0x08000ad8                __aeabi_dcmpeq
                0x08000aec                __aeabi_dcmplt
                0x08000b00                __aeabi_dcmple
                0x08000b14                __aeabi_dcmpge
                0x08000b28                __aeabi_dcmpgt
 .text          0x08000b3c       0x2c C:/ST/STM32CubeIDE_2.0.0/STM32CubeIDE/plugins/com.st.stm32cube.ide.mcu.externaltools.gnu-tools-for-stm32.13.3.rel1.win32_1.0.100.202509120712/tools/bin/../lib/gcc/arm-none-eabi/13.3.1/thumb/v7e-m+fp/hard\libgcc.a(_arm_unorddf2.o)
                0x08000b3c                __unorddf2
                0x08000b3c                __aeabi_dcmpun
 .text          0x08000b68       0x50 C:/ST/STM32CubeIDE_2.0.0/STM32CubeIDE/plugins/com.st.stm32cube.ide.mcu.externaltools.gnu-tools-for-stm32.13.3.rel1.win32_1.0.100.202509120712/tools/bin/../lib/gcc/arm-none-eabi/13.3.1/thumb/v7e-m+fp/hard\libgcc.a(_arm_fixdfsi.o)
                0x08000b68                __aeabi_d2iz
                0x08000b68                __fixdfsi
 .text          0x08000bb8       0x30 C:/ST/STM32CubeIDE_2.0.0/STM32CubeIDE/plugins/com.st.stm32cube.ide.mcu.externaltools.gnu-tools-for-stm32.13.3.rel1.win32_1.0.100.202509120712/tools/bin/../lib/gcc/arm-none-eabi/13.3.1/thumb/v7e-m+fp/hard\libgcc.a(_aeabi_uldivmod.o)
                0x08000bb8                __aeabi_uldivmod
 .text          0x08000be8      0x2f8 C:/ST/STM32CubeIDE_2.0.0/STM32CubeIDE/plugins/com.st.stm32cube.ide.mcu.externaltools.gnu-tools-for-stm32.13.3.rel1.win32_1.0.100.202509120712/tools/bin/../lib/gcc/arm-none-eabi/13.3.1/thumb/v7e-m+fp/hard\libgcc.a(_udivmoddi4.o)
                0x08000be8                __udivmoddi4
 .text          0x08000ee0        0x4 C:/ST/STM32CubeIDE_2.0.0/STM32CubeIDE/plugins/com.st.stm32cube.ide.mcu.externaltools.gnu-tools-for-stm32.13.3.rel1.win32_1.0.100.202509120712/tools/bin/../lib/gcc/arm-none-eabi/13.3.1/thumb/v7e-m+fp/hard\libgcc.a(_dvmd_tls.o)
                0x08000ee0                __aeabi_idiv0
                0x08000ee0                __aeabi_ldiv0
 *(.text*)
 .text.Audio_Update
                0x08000ee4       0x78 ./Core/Src/audio.o
                0x08000ee4                Audio_Update
 .text.Audio_PlayJump
                0x08000f5c       0x24 ./Core/Src/audio.o
                0x08000f5c                Audio_PlayJump
 .text.Audio_PlayDuck
                0x08000f80       0x24 ./Core/Src/audio.o
                0x08000f80                Audio_PlayDuck
 .text.Audio_PlayCrash
                0x08000fa4       0x28 ./Core/Src/audio.o
                0x08000fa4                Audio_PlayCrash
 .text.Audio_HapticClick
                0x08000fcc       0x30 ./Core/Src/audio.o
                0x08000fcc                Audio_HapticClick
 .text.ff_convert
                0x08000ffc       0x78 ./Core/Src/ccsbcs.o
                0x08000ffc                ff_convert
 .text.ff_wtoupper
                0x08001074      0x114 ./Core/Src/ccsbcs.o
                0x08001074                ff_wtoupper
 .text.disk_status
                0x08001188       0x34 ./Core/Src/diskio.o
                0x08001188                disk_status
 .text.disk_initialize
                0x080011bc       0x50 ./Core/Src/diskio.o
                0x080011bc                disk_initialize
 .text.disk_read
                0x0800120c       0x40 ./Core/Src/diskio.o
                0x0800120c                disk_read
 .text.disk_write
                0x0800124c       0x40 ./Core/Src/diskio.o
                0x0800124c                disk_write
 .text.disk_ioctl
                0x0800128c       0x3c ./Core/Src/diskio.o
                0x0800128c                disk_ioctl
 .text.DWIN_WriteVP
                0x080012c8       0x5c ./Core/Src/dwin.o
                0x080012c8                DWIN_WriteVP
 .text.DWIN_Update
                0x08001324       0x78 ./Core/Src/dwin.o
                0x08001324                DWIN_Update
 .text.MX_FATFS_Init
                0x0800139c       0x24 ./Core/Src/fatfs.o
                0x0800139c                MX_FATFS_Init
 .text.get_fattime
                0x080013c0       0x10 ./Core/Src/fatfs.o
                0x080013c0                get_fattime
 .text.ld_word  0x080013d0       0x32 ./Core/Src/ff.o
 .text.ld_dword
                0x08001402       0x46 ./Core/Src/ff.o
 .text.st_word  0x08001448       0x36 ./Core/Src/ff.o
 .text.st_dword
                0x0800147e       0x58 ./Core/Src/ff.o
 .text.mem_cpy  0x080014d6       0x42 ./Core/Src/ff.o
 .text.mem_set  0x08001518       0x36 ./Core/Src/ff.o
 .text.mem_cmp  0x0800154e       0x4e ./Core/Src/ff.o
 .text.chk_chr  0x0800159c       0x36 ./Core/Src/ff.o
 *fill*         0x080015d2        0x2 
 .text.chk_lock
                0x080015d4       0xb8 ./Core/Src/ff.o
 .text.enq_lock
                0x0800168c       0x44 ./Core/Src/ff.o
 .text.inc_lock
                0x080016d0      0x11c ./Core/Src/ff.o
 .text.dec_lock
                0x080017ec       0x78 ./Core/Src/ff.o
 .text.clear_lock
                0x08001864       0x48 ./Core/Src/ff.o
 .text.sync_window
                0x080018ac       0x88 ./Core/Src/ff.o
 .text.move_window
                0x08001934       0x5a ./Core/Src/ff.o
 *fill*         0x0800198e        0x2 
 .text.sync_fs  0x08001990       0xdc ./Core/Src/ff.o
 .text.clust2sect
                0x08001a6c       0x3e ./Core/Src/ff.o
 .text.get_fat  0x08001aaa      0x14e ./Core/Src/ff.o
 .text.put_fat  0x08001bf8      0x1d4 ./Core/Src/ff.o
 .text.remove_chain
                0x08001dcc       0xca ./Core/Src/ff.o
 .text.create_chain
                0x08001e96      0x130 ./Core/Src/ff.o
 .text.clmt_clust
                0x08001fc6       0x68 ./Core/Src/ff.o
 .text.dir_sdi  0x0800202e       0xf6 ./Core/Src/ff.o
 .text.dir_next
                0x08002124      0x18a ./Core/Src/ff.o
 .text.dir_alloc
                0x080022ae       0x8e ./Core/Src/ff.o
 .text.ld_clust
                0x0800233c       0x3e ./Core/Src/ff.o
 .text.st_clust
                0x0800237a       0x40 ./Core/Src/ff.o
 *fill*         0x080023ba        0x2 
 .text.cmp_lfn  0x080023bc       0xe0 ./Core/Src/ff.o
 .text.put_lfn  0x0800249c       0xd0 ./Core/Src/ff.o
 .text.gen_numname
                0x0800256c      0x11c ./Core/Src/ff.o
 .text.sum_sfn  0x08002688       0x42 ./Core/Src/ff.o
 .text.dir_find
                0x080026ca      0x180 ./Core/Src/ff.o
 *fill*         0x0800284a        0x2 
 .text.dir_register
                0x0800284c      0x1f0 ./Core/Src/ff.o
 .text.create_name
                0x08002a3c      0x370 ./Core/Src/ff.o
 .text.follow_path
                0x08002dac       0xe2 ./Core/Src/ff.o
 .text.get_ldnumber
                0x08002e8e       0x88 ./Core/Src/ff.o
 *fill*         0x08002f16        0x2 
 .text.check_fs
                0x08002f18       0xac ./Core/Src/ff.o
 .text.find_volume
                0x08002fc4      0x498 ./Core/Src/ff.o
 .text.validate
                0x0800345c       0x6a ./Core/Src/ff.o
 *fill*         0x080034c6        0x2 
 .text.f_mount  0x080034c8       0x8c ./Core/Src/ff.o
                0x080034c8                f_mount
 .text.f_open   0x08003554      0x394 ./Core/Src/ff.o
                0x08003554                f_open
 .text.f_read   0x080038e8      0x27e ./Core/Src/ff.o
                0x080038e8                f_read
 .text.f_write  0x08003b66      0x2ea ./Core/Src/ff.o
                0x08003b66                f_write
 .text.f_sync   0x08003e50       0xfc ./Core/Src/ff.o
                0x08003e50                f_sync
 .text.f_close  0x08003f4c       0x54 ./Core/Src/ff.o
                0x08003f4c                f_close
 .text.FATFS_LinkDriverEx
                0x08003fa0       0x98 ./Core/Src/ff_gen_drv.o
                0x08003fa0                FATFS_LinkDriverEx
 .text.FATFS_LinkDriver
                0x08004038       0x1e ./Core/Src/ff_gen_drv.o
                0x08004038                FATFS_LinkDriver
 *fill*         0x08004056        0x2 
 .text.SaveHighScore
                0x08004058       0xe8 ./Core/Src/game.o
                0x08004058                SaveHighScore
 .text.LoadHighScore
                0x08004140       0xc0 ./Core/Src/game.o
                0x08004140                LoadHighScore
 .text.SetGameLEDs
                0x08004200       0x80 ./Core/Src/game.o
                0x08004200                SetGameLEDs
 .text.SetGameRelays
                0x08004280       0x34 ./Core/Src/game.o
                0x08004280                SetGameRelays
 .text.SpawnObstacle
                0x080042b4      0x194 ./Core/Src/game.o
                0x080042b4                SpawnObstacle
 .text.Game_SetState
                0x08004448      0x134 ./Core/Src/game.o
                0x08004448                Game_SetState
 .text.Game_Init
                0x0800457c       0x20 ./Core/Src/game.o
                0x0800457c                Game_Init
 .text.Game_Update
                0x0800459c       0xe8 ./Core/Src/game.o
                0x0800459c                Game_Update
 .text.UpdateRunningLogic
                0x08004684      0x7a8 ./Core/Src/game.o
                0x08004684                UpdateRunningLogic
 .text.Game_Render
                0x08004e2c      0x280 ./Core/Src/game.o
                0x08004e2c                Game_Render
 .text.RenderRunningGame
                0x080050ac      0x3f0 ./Core/Src/game.o
                0x080050ac                RenderRunningGame
 .text.Input_Init
                0x0800549c       0x40 ./Core/Src/input.o
                0x0800549c                Input_Init
 .text.Input_Poll
                0x080054dc      0x29c ./Core/Src/input.o
                0x080054dc                Input_Poll
 .text.I2C_Delay
                0x08005778       0x28 ./Core/Src/input.o
 .text.I2C_Start
                0x080057a0       0x4c ./Core/Src/input.o
 .text.I2C_Stop
                0x080057ec       0x40 ./Core/Src/input.o
 .text.I2C_WriteByte
                0x0800582c       0xc4 ./Core/Src/input.o
 .text.I2C_ReadByte
                0x080058f0       0xcc ./Core/Src/input.o
 .text.I2C_BusClear
                0x080059bc       0x5c ./Core/Src/input.o
 .text.MLX90614_ReadTemp
                0x08005a18       0xec ./Core/Src/input.o
 .text.ReadADC_BareMetal
                0x08005b04       0xf4 ./Core/Src/input.o
 .text.Keypad_Init
                0x08005bf8       0x30 ./Core/Src/keypad.o
                0x08005bf8                Keypad_Init
 .text.Keypad_GetKey
                0x08005c28      0x1f8 ./Core/Src/keypad.o
                0x08005c28                Keypad_GetKey
 .text.HAL_GPIO_EXTI_Callback
                0x08005e20       0x1c ./Core/Src/main.o
                0x08005e20                HAL_GPIO_EXTI_Callback
 .text._write   0x08005e3c       0x2c ./Core/Src/main.o
                0x08005e3c                _write
 .text.main     0x08005e68      0x33c ./Core/Src/main.o
                0x08005e68                main
 .text.SystemClock_Config
                0x080061a4       0xd8 ./Core/Src/main.o
                0x080061a4                SystemClock_Config
 .text.MX_SPI1_Init
                0x0800627c       0x6c ./Core/Src/main.o
 .text.MX_SPI3_Init
                0x080062e8       0x6c ./Core/Src/main.o
 .text.MX_USART2_UART_Init
                0x08006354       0x54 ./Core/Src/main.o
 .text.MX_GPIO_Init
                0x080063a8      0x3f4 ./Core/Src/main.o
 .text.MX_ADC1_Init
                0x0800679c       0x80 ./Core/Src/main.o
 .text.Error_Handler
                0x0800681c        0xc ./Core/Src/main.o
                0x0800681c                Error_Handler
 .text.SPI_Write
                0x08006828       0x24 ./Core/Src/st7735.o
 .text.ST7735_WriteCommand
                0x0800684c       0x44 ./Core/Src/st7735.o
 .text.ST7735_WriteData
                0x08006890       0x4c ./Core/Src/st7735.o
 .text.ST7735_SetAddressWindow
                0x080068dc       0xc8 ./Core/Src/st7735.o
                0x080068dc                ST7735_SetAddressWindow
 .text.ST7735_Init
                0x080069a4      0x230 ./Core/Src/st7735.o
                0x080069a4                ST7735_Init
 .text.ST7735_FillRectangle
                0x08006bd4       0xe0 ./Core/Src/st7735.o
                0x08006bd4                ST7735_FillRectangle
 .text.ST7735_FillScreen
                0x08006cb4       0x22 ./Core/Src/st7735.o
                0x08006cb4                ST7735_FillScreen
 *fill*         0x08006cd6        0x2 
 .text.ST7735_DrawChar
                0x08006cd8      0x114 ./Core/Src/st7735.o
                0x08006cd8                ST7735_DrawChar
 .text.ST7735_WriteString
                0x08006dec       0x8c ./Core/Src/st7735.o
                0x08006dec                ST7735_WriteString
 .text.HAL_MspInit
                0x08006e78       0x50 ./Core/Src/stm32f4xx_hal_msp.o
                0x08006e78                HAL_MspInit
 .text.HAL_SPI_MspInit
                0x08006ec8      0x114 ./Core/Src/stm32f4xx_hal_msp.o
                0x08006ec8                HAL_SPI_MspInit
 .text.HAL_UART_MspInit
                0x08006fdc       0x90 ./Core/Src/stm32f4xx_hal_msp.o
                0x08006fdc                HAL_UART_MspInit
 .text.NMI_Handler
                0x0800706c        0x8 ./Core/Src/stm32f4xx_it.o
                0x0800706c                NMI_Handler
 .text.HardFault_Handler
                0x08007074        0x8 ./Core/Src/stm32f4xx_it.o
                0x08007074                HardFault_Handler
 .text.MemManage_Handler
                0x0800707c        0x8 ./Core/Src/stm32f4xx_it.o
                0x0800707c                MemManage_Handler
 .text.BusFault_Handler
                0x08007084        0x8 ./Core/Src/stm32f4xx_it.o
                0x08007084                BusFault_Handler
 .text.UsageFault_Handler
                0x0800708c        0x8 ./Core/Src/stm32f4xx_it.o
                0x0800708c                UsageFault_Handler
 .text.SVC_Handler
                0x08007094        0xe ./Core/Src/stm32f4xx_it.o
                0x08007094                SVC_Handler
 .text.DebugMon_Handler
                0x080070a2        0xe ./Core/Src/stm32f4xx_it.o
                0x080070a2                DebugMon_Handler
 .text.PendSV_Handler
                0x080070b0        0xe ./Core/Src/stm32f4xx_it.o
                0x080070b0                PendSV_Handler
 .text.SysTick_Handler
                0x080070be        0xc ./Core/Src/stm32f4xx_it.o
                0x080070be                SysTick_Handler
 .text.EXTI4_IRQHandler
                0x080070ca        0xe ./Core/Src/stm32f4xx_it.o
                0x080070ca                EXTI4_IRQHandler
 .text.EXTI9_5_IRQHandler
                0x080070d8       0x10 ./Core/Src/stm32f4xx_it.o
                0x080070d8                EXTI9_5_IRQHandler
 .text.ff_memalloc
                0x080070e8       0x18 ./Core/Src/syscall.o
                0x080070e8                ff_memalloc
 .text.ff_memfree
                0x08007100       0x16 ./Core/Src/syscall.o
                0x08007100                ff_memfree
 .text._getpid  0x08007116       0x10 ./Core/Src/syscalls.o
                0x08007116                _getpid
 .text._kill    0x08007126       0x20 ./Core/Src/syscalls.o
                0x08007126                _kill
 .text._exit    0x08007146       0x16 ./Core/Src/syscalls.o
                0x08007146                _exit
 .text._read    0x0800715c       0x3a ./Core/Src/syscalls.o
                0x0800715c                _read
 .text._close   0x08007196       0x18 ./Core/Src/syscalls.o
                0x08007196                _close
 .text._fstat   0x080071ae       0x20 ./Core/Src/syscalls.o
                0x080071ae                _fstat
 .text._isatty  0x080071ce       0x16 ./Core/Src/syscalls.o
                0x080071ce                _isatty
 .text._lseek   0x080071e4       0x1a ./Core/Src/syscalls.o
                0x080071e4                _lseek
 *fill*         0x080071fe        0x2 
 .text._sbrk    0x08007200       0x6c ./Core/Src/sysmem.o
                0x08007200                _sbrk
 .text.SystemInit
                0x0800726c       0x24 ./Core/Src/system_stm32f4xx.o
                0x0800726c                SystemInit
 .text.TCS3200_Init
                0x08007290       0x34 ./Core/Src/tcs3200.o
                0x08007290                TCS3200_Init
 .text.TCS3200_SelectColor
                0x080072c4       0x4c ./Core/Src/tcs3200.o
                0x080072c4                TCS3200_SelectColor
 .text.TCS3200_PulseCallback
                0x08007310       0x1c ./Core/Src/tcs3200.o
                0x08007310                TCS3200_PulseCallback
 .text.TCS3200_ReadFrequency
                0x0800732c       0x28 ./Core/Src/tcs3200.o
                0x0800732c                TCS3200_ReadFrequency
 .text.map_val  0x08007354       0x5a ./Core/Src/tcs3200.o
                0x08007354                map_val
 .text.TCS3200_GetRGB
                0x080073ae       0xf2 ./Core/Src/tcs3200.o
                0x080073ae                TCS3200_GetRGB
 .text.TM1637_Delay
                0x080074a0       0x2a ./Core/Src/tm1637.o
 *fill*         0x080074ca        0x2 
 .text.TM1637_ClkHigh
                0x080074cc       0x18 ./Core/Src/tm1637.o
 .text.TM1637_ClkLow
                0x080074e4       0x18 ./Core/Src/tm1637.o
 .text.TM1637_DioHigh
                0x080074fc       0x18 ./Core/Src/tm1637.o
 .text.TM1637_DioLow
                0x08007514       0x18 ./Core/Src/tm1637.o
 .text.TM1637_Start
                0x0800752c       0x24 ./Core/Src/tm1637.o
 .text.TM1637_Stop
                0x08007550       0x28 ./Core/Src/tm1637.o
 .text.TM1637_WriteByte
                0x08007578       0x62 ./Core/Src/tm1637.o
 .text.TM1637_Init
                0x080075da        0xe ./Core/Src/tm1637.o
                0x080075da                TM1637_Init
 .text.TM1637_SetBrightness
                0x080075e8       0x32 ./Core/Src/tm1637.o
                0x080075e8                TM1637_SetBrightness
 *fill*         0x0800761a        0x2 
 .text.TM1637_DisplayDecimal
                0x0800761c      0x128 ./Core/Src/tm1637.o
                0x0800761c                TM1637_DisplayDecimal
 .text.SD_CS_LOW
                0x08007744       0x18 ./Core/Src/user_diskio.o
 .text.SD_CS_HIGH
                0x0800775c       0x18 ./Core/Src/user_diskio.o
 .text.SD_SPI_Transmit
                0x08007774       0x24 ./Core/Src/user_diskio.o
 .text.SD_SPI_Receive
                0x08007798       0x2c ./Core/Src/user_diskio.o
 .text.wait_ready
                0x080077c4       0x36 ./Core/Src/user_diskio.o
 .text.deselect
                0x080077fa       0x10 ./Core/Src/user_diskio.o
 .text.select   0x0800780a       0x24 ./Core/Src/user_diskio.o
 .text.rcvr_datablock
                0x0800782e       0x96 ./Core/Src/user_diskio.o
 .text.xmit_datablock
                0x080078c4       0x9e ./Core/Src/user_diskio.o
 .text.send_cmd
                0x08007962       0xd4 ./Core/Src/user_diskio.o
 *fill*         0x08007a36        0x2 
 .text.USER_initialize
                0x08007a38      0x168 ./Core/Src/user_diskio.o
                0x08007a38                USER_initialize
 .text.USER_status
                0x08007ba0       0x2c ./Core/Src/user_diskio.o
                0x08007ba0                USER_status
 .text.USER_read
                0x08007bcc       0xcc ./Core/Src/user_diskio.o
                0x08007bcc                USER_read
 .text.USER_write
                0x08007c98       0xe8 ./Core/Src/user_diskio.o
                0x08007c98                USER_write
 .text.USER_ioctl
                0x08007d80      0x114 ./Core/Src/user_diskio.o
                0x08007d80                USER_ioctl
 .text.Reset_Handler
                0x08007e94       0x50 ./Core/Startup/startup_stm32f401retx.o
                0x08007e94                Reset_Handler
 .text.Default_Handler
                0x08007ee4        0x2 ./Core/Startup/startup_stm32f401retx.o
                0x08007ee4                RTC_Alarm_IRQHandler
                0x08007ee4                EXTI2_IRQHandler
                0x08007ee4                SPI4_IRQHandler
                0x08007ee4                TIM1_CC_IRQHandler
                0x08007ee4                DMA2_Stream5_IRQHandler
                0x08007ee4                DMA1_Stream5_IRQHandler
                0x08007ee4                PVD_IRQHandler
                0x08007ee4                SDIO_IRQHandler
                0x08007ee4                TAMP_STAMP_IRQHandler
                0x08007ee4                EXTI3_IRQHandler
                0x08007ee4                TIM1_UP_TIM10_IRQHandler
                0x08007ee4                I2C3_ER_IRQHandler
                0x08007ee4                EXTI0_IRQHandler
                0x08007ee4                I2C2_EV_IRQHandler
                0x08007ee4                DMA1_Stream2_IRQHandler
                0x08007ee4                FPU_IRQHandler
                0x08007ee4                DMA2_Stream2_IRQHandler
                0x08007ee4                SPI1_IRQHandler
                0x08007ee4                TIM1_BRK_TIM9_IRQHandler
                0x08007ee4                DMA2_Stream3_IRQHandler
                0x08007ee4                USART6_IRQHandler
                0x08007ee4                DMA2_Stream0_IRQHandler
                0x08007ee4                TIM4_IRQHandler
                0x08007ee4                I2C1_EV_IRQHandler
                0x08007ee4                DMA1_Stream6_IRQHandler
                0x08007ee4                DMA1_Stream1_IRQHandler
                0x08007ee4                TIM3_IRQHandler
                0x08007ee4                RCC_IRQHandler
                0x08007ee4                Default_Handler
                0x08007ee4                EXTI15_10_IRQHandler
                0x08007ee4                ADC_IRQHandler
                0x08007ee4                DMA1_Stream7_IRQHandler
                0x08007ee4                TIM5_IRQHandler
                0x08007ee4                DMA2_Stream7_IRQHandler
                0x08007ee4                I2C3_EV_IRQHandler
                0x08007ee4                RTC_WKUP_IRQHandler
                0x08007ee4                SPI2_IRQHandler
                0x08007ee4                DMA1_Stream0_IRQHandler
                0x08007ee4                WWDG_IRQHandler
                0x08007ee4                TIM2_IRQHandler
                0x08007ee4                OTG_FS_WKUP_IRQHandler
                0x08007ee4                TIM1_TRG_COM_TIM11_IRQHandler
                0x08007ee4                EXTI1_IRQHandler
                0x08007ee4                USART2_IRQHandler
                0x08007ee4                I2C2_ER_IRQHandler
                0x08007ee4                DMA2_Stream1_IRQHandler
                0x08007ee4                FLASH_IRQHandler
                0x08007ee4                DMA2_Stream4_IRQHandler
                0x08007ee4                USART1_IRQHandler
                0x08007ee4                OTG_FS_IRQHandler
                0x08007ee4                SPI3_IRQHandler
                0x08007ee4                DMA1_Stream4_IRQHandler
                0x08007ee4                I2C1_ER_IRQHandler
                0x08007ee4                DMA2_Stream6_IRQHandler
                0x08007ee4                DMA1_Stream3_IRQHandler
 *fill*         0x08007ee6        0x2 
 .text.HAL_Init
                0x08007ee8       0x44 ./Drivers/STM32F4xx_HAL_Driver/Src/stm32f4xx_hal.o
                0x08007ee8                HAL_Init
 .text.HAL_InitTick
                0x08007f2c       0x60 ./Drivers/STM32F4xx_HAL_Driver/Src/stm32f4xx_hal.o
                0x08007f2c                HAL_InitTick
 .text.HAL_IncTick
                0x08007f8c       0x28 ./Drivers/STM32F4xx_HAL_Driver/Src/stm32f4xx_hal.o
                0x08007f8c                HAL_IncTick
 .text.HAL_GetTick
                0x08007fb4       0x18 ./Drivers/STM32F4xx_HAL_Driver/Src/stm32f4xx_hal.o
                0x08007fb4                HAL_GetTick
 .text.HAL_Delay
                0x08007fcc       0x48 ./Drivers/STM32F4xx_HAL_Driver/Src/stm32f4xx_hal.o
                0x08007fcc                HAL_Delay
 .text.__NVIC_SetPriorityGrouping
                0x08008014       0x48 ./Drivers/STM32F4xx_HAL_Driver/Src/stm32f4xx_hal_cortex.o
 .text.__NVIC_GetPriorityGrouping
                0x0800805c       0x1c ./Drivers/STM32F4xx_HAL_Driver/Src/stm32f4xx_hal_cortex.o
 .text.__NVIC_EnableIRQ
                0x08008078       0x3c ./Drivers/STM32F4xx_HAL_Driver/Src/stm32f4xx_hal_cortex.o
 .text.__NVIC_SetPriority
                0x080080b4       0x54 ./Drivers/STM32F4xx_HAL_Driver/Src/stm32f4xx_hal_cortex.o
 .text.NVIC_EncodePriority
                0x08008108       0x66 ./Drivers/STM32F4xx_HAL_Driver/Src/stm32f4xx_hal_cortex.o
 *fill*         0x0800816e        0x2 
 .text.SysTick_Config
                0x08008170       0x44 ./Drivers/STM32F4xx_HAL_Driver/Src/stm32f4xx_hal_cortex.o
 .text.HAL_NVIC_SetPriorityGrouping
                0x080081b4       0x16 ./Drivers/STM32F4xx_HAL_Driver/Src/stm32f4xx_hal_cortex.o
                0x080081b4                HAL_NVIC_SetPriorityGrouping
 .text.HAL_NVIC_SetPriority
                0x080081ca       0x38 ./Drivers/STM32F4xx_HAL_Driver/Src/stm32f4xx_hal_cortex.o
                0x080081ca                HAL_NVIC_SetPriority
 .text.HAL_NVIC_EnableIRQ
                0x08008202       0x1c ./Drivers/STM32F4xx_HAL_Driver/Src/stm32f4xx_hal_cortex.o
                0x08008202                HAL_NVIC_EnableIRQ
 .text.HAL_SYSTICK_Config
                0x0800821e       0x18 ./Drivers/STM32F4xx_HAL_Driver/Src/stm32f4xx_hal_cortex.o
                0x0800821e                HAL_SYSTICK_Config
 *fill*         0x08008236        0x2 
 .text.HAL_GPIO_Init
                0x08008238      0x308 ./Drivers/STM32F4xx_HAL_Driver/Src/stm32f4xx_hal_gpio.o
                0x08008238                HAL_GPIO_Init
 .text.HAL_GPIO_ReadPin
                0x08008540       0x30 ./Drivers/STM32F4xx_HAL_Driver/Src/stm32f4xx_hal_gpio.o
                0x08008540                HAL_GPIO_ReadPin
 .text.HAL_GPIO_WritePin
                0x08008570       0x32 ./Drivers/STM32F4xx_HAL_Driver/Src/stm32f4xx_hal_gpio.o
                0x08008570                HAL_GPIO_WritePin
 .text.HAL_GPIO_TogglePin
                0x080085a2       0x34 ./Drivers/STM32F4xx_HAL_Driver/Src/stm32f4xx_hal_gpio.o
                0x080085a2                HAL_GPIO_TogglePin
 *fill*         0x080085d6        0x2 
 .text.HAL_GPIO_EXTI_IRQHandler
                0x080085d8       0x30 ./Drivers/STM32F4xx_HAL_Driver/Src/stm32f4xx_hal_gpio.o
                0x080085d8                HAL_GPIO_EXTI_IRQHandler
 .text.HAL_RCC_OscConfig
                0x08008608      0x4f0 ./Drivers/STM32F4xx_HAL_Driver/Src/stm32f4xx_hal_rcc.o
                0x08008608                HAL_RCC_OscConfig
 .text.HAL_RCC_ClockConfig
                0x08008af8      0x1cc ./Drivers/STM32F4xx_HAL_Driver/Src/stm32f4xx_hal_rcc.o
                0x08008af8                HAL_RCC_ClockConfig
 .text.HAL_RCC_GetSysClockFreq
                0x08008cc4      0x20c ./Drivers/STM32F4xx_HAL_Driver/Src/stm32f4xx_hal_rcc.o
                0x08008cc4                HAL_RCC_GetSysClockFreq
 .text.HAL_RCC_GetHCLKFreq
                0x08008ed0       0x18 ./Drivers/STM32F4xx_HAL_Driver/Src/stm32f4xx_hal_rcc.o
                0x08008ed0                HAL_RCC_GetHCLKFreq
 .text.HAL_RCC_GetPCLK1Freq
                0x08008ee8       0x28 ./Drivers/STM32F4xx_HAL_Driver/Src/stm32f4xx_hal_rcc.o
                0x08008ee8                HAL_RCC_GetPCLK1Freq
 .text.HAL_RCC_GetPCLK2Freq
                0x08008f10       0x28 ./Drivers/STM32F4xx_HAL_Driver/Src/stm32f4xx_hal_rcc.o
                0x08008f10                HAL_RCC_GetPCLK2Freq
 .text.HAL_SPI_Init
                0x08008f38      0x112 ./Drivers/STM32F4xx_HAL_Driver/Src/stm32f4xx_hal_spi.o
                0x08008f38                HAL_SPI_Init
 .text.HAL_SPI_Transmit
                0x0800904a      0x288 ./Drivers/STM32F4xx_HAL_Driver/Src/stm32f4xx_hal_spi.o
                0x0800904a                HAL_SPI_Transmit
 .text.HAL_SPI_TransmitReceive
                0x080092d2      0x352 ./Drivers/STM32F4xx_HAL_Driver/Src/stm32f4xx_hal_spi.o
                0x080092d2                HAL_SPI_TransmitReceive
 .text.SPI_WaitFlagStateUntilTimeout
                0x08009624      0x110 ./Drivers/STM32F4xx_HAL_Driver/Src/stm32f4xx_hal_spi.o
 .text.SPI_EndRxTxTransaction
                0x08009734       0xa8 ./Drivers/STM32F4xx_HAL_Driver/Src/stm32f4xx_hal_spi.o
 .text.HAL_UART_Init
                0x080097dc       0xa0 ./Drivers/STM32F4xx_HAL_Driver/Src/stm32f4xx_hal_uart.o
                0x080097dc                HAL_UART_Init
 .text.HAL_UART_Transmit
                0x0800987c      0x116 ./Drivers/STM32F4xx_HAL_Driver/Src/stm32f4xx_hal_uart.o
                0x0800987c                HAL_UART_Transmit
 .text.UART_WaitOnFlagUntilTimeout
                0x08009992       0xb2 ./Drivers/STM32F4xx_HAL_Driver/Src/stm32f4xx_hal_uart.o
 .text.UART_EndRxTransfer
                0x08009a44       0xc6 ./Drivers/STM32F4xx_HAL_Driver/Src/stm32f4xx_hal_uart.o
 *fill*         0x08009b0a        0x2 
 .text.UART_SetConfig
                0x08009b0c      0x4e8 ./Drivers/STM32F4xx_HAL_Driver/Src/stm32f4xx_hal_uart.o
 .text.malloc   0x08009ff4       0x10 C:/ST/STM32CubeIDE_2.0.0/STM32CubeIDE/plugins/com.st.stm32cube.ide.mcu.externaltools.gnu-tools-for-stm32.13.3.rel1.win32_1.0.100.202509120712/tools/bin/../lib/gcc/arm-none-eabi/13.3.1/../../../../arm-none-eabi/lib/thumb/v7e-m+fp/hard\libc_nano.a(libc_a-malloc.o)
                0x08009ff4                malloc
 .text.free     0x0800a004       0x10 C:/ST/STM32CubeIDE_2.0.0/STM32CubeIDE/plugins/com.st.stm32cube.ide.mcu.externaltools.gnu-tools-for-stm32.13.3.rel1.win32_1.0.100.202509120712/tools/bin/../lib/gcc/arm-none-eabi/13.3.1/../../../../arm-none-eabi/lib/thumb/v7e-m+fp/hard\libc_nano.a(libc_a-malloc.o)
                0x0800a004                free
 .text.sbrk_aligned
                0x0800a014       0x44 C:/ST/STM32CubeIDE_2.0.0/STM32CubeIDE/plugins/com.st.stm32cube.ide.mcu.externaltools.gnu-tools-for-stm32.13.3.rel1.win32_1.0.100.202509120712/tools/bin/../lib/gcc/arm-none-eabi/13.3.1/../../../../arm-none-eabi/lib/thumb/v7e-m+fp/hard\libc_nano.a(libc_a-mallocr.o)
 .text._malloc_r
                0x0800a058      0x100 C:/ST/STM32CubeIDE_2.0.0/STM32CubeIDE/plugins/com.st.stm32cube.ide.mcu.externaltools.gnu-tools-for-stm32.13.3.rel1.win32_1.0.100.202509120712/tools/bin/../lib/gcc/arm-none-eabi/13.3.1/../../../../arm-none-eabi/lib/thumb/v7e-m+fp/hard\libc_nano.a(libc_a-mallocr.o)
                0x0800a058                _malloc_r
 .text.__malloc_lock
                0x0800a158        0xc C:/ST/STM32CubeIDE_2.0.0/STM32CubeIDE/plugins/com.st.stm32cube.ide.mcu.externaltools.gnu-tools-for-stm32.13.3.rel1.win32_1.0.100.202509120712/tools/bin/../lib/gcc/arm-none-eabi/13.3.1/../../../../arm-none-eabi/lib/thumb/v7e-m+fp/hard\libc_nano.a(libc_a-mlock.o)
                0x0800a158                __malloc_lock
 .text.__malloc_unlock
                0x0800a164        0xc C:/ST/STM32CubeIDE_2.0.0/STM32CubeIDE/plugins/com.st.stm32cube.ide.mcu.externaltools.gnu-tools-for-stm32.13.3.rel1.win32_1.0.100.202509120712/tools/bin/../lib/gcc/arm-none-eabi/13.3.1/../../../../arm-none-eabi/lib/thumb/v7e-m+fp/hard\libc_nano.a(libc_a-mlock.o)
                0x0800a164                __malloc_unlock
 .text.rand     0x0800a170       0x7c C:/ST/STM32CubeIDE_2.0.0/STM32CubeIDE/plugins/com.st.stm32cube.ide.mcu.externaltools.gnu-tools-for-stm32.13.3.rel1.win32_1.0.100.202509120712/tools/bin/../lib/gcc/arm-none-eabi/13.3.1/../../../../arm-none-eabi/lib/thumb/v7e-m+fp/hard\libc_nano.a(libc_a-rand.o)
                0x0800a170                rand
 .text._strtoul_l.isra.0
                0x0800a1ec       0xdc C:/ST/STM32CubeIDE_2.0.0/STM32CubeIDE/plugins/com.st.stm32cube.ide.mcu.externaltools.gnu-tools-for-stm32.13.3.rel1.win32_1.0.100.202509120712/tools/bin/../lib/gcc/arm-none-eabi/13.3.1/../../../../arm-none-eabi/lib/thumb/v7e-m+fp/hard\libc_nano.a(libc_a-strtoul.o)
 .text.strtoul  0x0800a2c8       0x14 C:/ST/STM32CubeIDE_2.0.0/STM32CubeIDE/plugins/com.st.stm32cube.ide.mcu.externaltools.gnu-tools-for-stm32.13.3.rel1.win32_1.0.100.202509120712/tools/bin/../lib/gcc/arm-none-eabi/13.3.1/../../../../arm-none-eabi/lib/thumb/v7e-m+fp/hard\libc_nano.a(libc_a-strtoul.o)
                0x0800a2c8                strtoul
 .text.__cvt    0x0800a2dc       0xca C:/ST/STM32CubeIDE_2.0.0/STM32CubeIDE/plugins/com.st.stm32cube.ide.mcu.externaltools.gnu-tools-for-stm32.13.3.rel1.win32_1.0.100.202509120712/tools/bin/../lib/gcc/arm-none-eabi/13.3.1/../../../../arm-none-eabi/lib/thumb/v7e-m+fp/hard\libc_nano.a(libc_a-nano-vfprintf_float.o)
                0x0800a2dc                __cvt
 .text.__exponent
                0x0800a3a6       0x74 C:/ST/STM32CubeIDE_2.0.0/STM32CubeIDE/plugins/com.st.stm32cube.ide.mcu.externaltools.gnu-tools-for-stm32.13.3.rel1.win32_1.0.100.202509120712/tools/bin/../lib/gcc/arm-none-eabi/13.3.1/../../../../arm-none-eabi/lib/thumb/v7e-m+fp/hard\libc_nano.a(libc_a-nano-vfprintf_float.o)
                0x0800a3a6                __exponent
 *fill*         0x0800a41a        0x2 
 .text._printf_float
                0x0800a41c      0x454 C:/ST/STM32CubeIDE_2.0.0/STM32CubeIDE/plugins/com.st.stm32cube.ide.mcu.externaltools.gnu-tools-for-stm32.13.3.rel1.win32_1.0.100.202509120712/tools/bin/../lib/gcc/arm-none-eabi/13.3.1/../../../../arm-none-eabi/lib/thumb/v7e-m+fp/hard\libc_nano.a(libc_a-nano-vfprintf_float.o)
                0x0800a41c                _printf_float
 .text._printf_common
                0x0800a870       0xda C:/ST/STM32CubeIDE_2.0.0/STM32CubeIDE/plugins/com.st.stm32cube.ide.mcu.externaltools.gnu-tools-for-stm32.13.3.rel1.win32_1.0.100.202509120712/tools/bin/../lib/gcc/arm-none-eabi/13.3.1/../../../../arm-none-eabi/lib/thumb/v7e-m+fp/hard\libc_nano.a(libc_a-nano-vfprintf_i.o)
                0x0800a870                _printf_common
 *fill*         0x0800a94a        0x2 
 .text._printf_i
                0x0800a94c      0x23c C:/ST/STM32CubeIDE_2.0.0/STM32CubeIDE/plugins/com.st.stm32cube.ide.mcu.externaltools.gnu-tools-for-stm32.13.3.rel1.win32_1.0.100.202509120712/tools/bin/../lib/gcc/arm-none-eabi/13.3.1/../../../../arm-none-eabi/lib/thumb/v7e-m+fp/hard\libc_nano.a(libc_a-nano-vfprintf_i.o)
                0x0800a94c                _printf_i
 .text.std      0x0800ab88       0x6c C:/ST/STM32CubeIDE_2.0.0/STM32CubeIDE/plugins/com.st.stm32cube.ide.mcu.externaltools.gnu-tools-for-stm32.13.3.rel1.win32_1.0.100.202509120712/tools/bin/../lib/gcc/arm-none-eabi/13.3.1/../../../../arm-none-eabi/lib/thumb/v7e-m+fp/hard\libc_nano.a(libc_a-findfp.o)
 .text.stdio_exit_handler
                0x0800abf4       0x18 C:/ST/STM32CubeIDE_2.0.0/STM32CubeIDE/plugins/com.st.stm32cube.ide.mcu.externaltools.gnu-tools-for-stm32.13.3.rel1.win32_1.0.100.202509120712/tools/bin/../lib/gcc/arm-none-eabi/13.3.1/../../../../arm-none-eabi/lib/thumb/v7e-m+fp/hard\libc_nano.a(libc_a-findfp.o)
 .text.cleanup_stdio
                0x0800ac0c       0x40 C:/ST/STM32CubeIDE_2.0.0/STM32CubeIDE/plugins/com.st.stm32cube.ide.mcu.externaltools.gnu-tools-for-stm32.13.3.rel1.win32_1.0.100.202509120712/tools/bin/../lib/gcc/arm-none-eabi/13.3.1/../../../../arm-none-eabi/lib/thumb/v7e-m+fp/hard\libc_nano.a(libc_a-findfp.o)
 .text.global_stdio_init.part.0
                0x0800ac4c       0x3c C:/ST/STM32CubeIDE_2.0.0/STM32CubeIDE/plugins/com.st.stm32cube.ide.mcu.externaltools.gnu-tools-for-stm32.13.3.rel1.win32_1.0.100.202509120712/tools/bin/../lib/gcc/arm-none-eabi/13.3.1/../../../../arm-none-eabi/lib/thumb/v7e-m+fp/hard\libc_nano.a(libc_a-findfp.o)
 .text.__sfp_lock_acquire
                0x0800ac88        0xc C:/ST/STM32CubeIDE_2.0.0/STM32CubeIDE/plugins/com.st.stm32cube.ide.mcu.externaltools.gnu-tools-for-stm32.13.3.rel1.win32_1.0.100.202509120712/tools/bin/../lib/gcc/arm-none-eabi/13.3.1/../../../../arm-none-eabi/lib/thumb/v7e-m+fp/hard\libc_nano.a(libc_a-findfp.o)
                0x0800ac88                __sfp_lock_acquire
 .text.__sfp_lock_release
                0x0800ac94        0xc C:/ST/STM32CubeIDE_2.0.0/STM32CubeIDE/plugins/com.st.stm32cube.ide.mcu.externaltools.gnu-tools-for-stm32.13.3.rel1.win32_1.0.100.202509120712/tools/bin/../lib/gcc/arm-none-eabi/13.3.1/../../../../arm-none-eabi/lib/thumb/v7e-m+fp/hard\libc_nano.a(libc_a-findfp.o)
                0x0800ac94                __sfp_lock_release
 .text.__sinit  0x0800aca0       0x30 C:/ST/STM32CubeIDE_2.0.0/STM32CubeIDE/plugins/com.st.stm32cube.ide.mcu.externaltools.gnu-tools-for-stm32.13.3.rel1.win32_1.0.100.202509120712/tools/bin/../lib/gcc/arm-none-eabi/13.3.1/../../../../arm-none-eabi/lib/thumb/v7e-m+fp/hard\libc_nano.a(libc_a-findfp.o)
                0x0800aca0                __sinit
 .text._fwalk_sglue
                0x0800acd0       0x3c C:/ST/STM32CubeIDE_2.0.0/STM32CubeIDE/plugins/com.st.stm32cube.ide.mcu.externaltools.gnu-tools-for-stm32.13.3.rel1.win32_1.0.100.202509120712/tools/bin/../lib/gcc/arm-none-eabi/13.3.1/../../../../arm-none-eabi/lib/thumb/v7e-m+fp/hard\libc_nano.a(libc_a-fwalk.o)
                0x0800acd0                _fwalk_sglue
 .text.printf   0x0800ad0c       0x24 C:/ST/STM32CubeIDE_2.0.0/STM32CubeIDE/plugins/com.st.stm32cube.ide.mcu.externaltools.gnu-tools-for-stm32.13.3.rel1.win32_1.0.100.202509120712/tools/bin/../lib/gcc/arm-none-eabi/13.3.1/../../../../arm-none-eabi/lib/thumb/v7e-m+fp/hard\libc_nano.a(libc_a-printf.o)
                0x0800ad0c                iprintf
                0x0800ad0c                printf
 .text._puts_r  0x0800ad30       0xaa C:/ST/STM32CubeIDE_2.0.0/STM32CubeIDE/plugins/com.st.stm32cube.ide.mcu.externaltools.gnu-tools-for-stm32.13.3.rel1.win32_1.0.100.202509120712/tools/bin/../lib/gcc/arm-none-eabi/13.3.1/../../../../arm-none-eabi/lib/thumb/v7e-m+fp/hard\libc_nano.a(libc_a-puts.o)
                0x0800ad30                _puts_r
 *fill*         0x0800adda        0x2 
 .text.puts     0x0800addc       0x10 C:/ST/STM32CubeIDE_2.0.0/STM32CubeIDE/plugins/com.st.stm32cube.ide.mcu.externaltools.gnu-tools-for-stm32.13.3.rel1.win32_1.0.100.202509120712/tools/bin/../lib/gcc/arm-none-eabi/13.3.1/../../../../arm-none-eabi/lib/thumb/v7e-m+fp/hard\libc_nano.a(libc_a-puts.o)
                0x0800addc                puts
 .text.snprintf
                0x0800adec       0x6c C:/ST/STM32CubeIDE_2.0.0/STM32CubeIDE/plugins/com.st.stm32cube.ide.mcu.externaltools.gnu-tools-for-stm32.13.3.rel1.win32_1.0.100.202509120712/tools/bin/../lib/gcc/arm-none-eabi/13.3.1/../../../../arm-none-eabi/lib/thumb/v7e-m+fp/hard\libc_nano.a(libc_a-snprintf.o)
                0x0800adec                sniprintf
                0x0800adec                snprintf
 .text.sprintf  0x0800ae58       0x44 C:/ST/STM32CubeIDE_2.0.0/STM32CubeIDE/plugins/com.st.stm32cube.ide.mcu.externaltools.gnu-tools-for-stm32.13.3.rel1.win32_1.0.100.202509120712/tools/bin/../lib/gcc/arm-none-eabi/13.3.1/../../../../arm-none-eabi/lib/thumb/v7e-m+fp/hard\libc_nano.a(libc_a-sprintf.o)
                0x0800ae58                siprintf
                0x0800ae58                sprintf
 .text.__sread  0x0800ae9c       0x22 C:/ST/STM32CubeIDE_2.0.0/STM32CubeIDE/plugins/com.st.stm32cube.ide.mcu.externaltools.gnu-tools-for-stm32.13.3.rel1.win32_1.0.100.202509120712/tools/bin/../lib/gcc/arm-none-eabi/13.3.1/../../../../arm-none-eabi/lib/thumb/v7e-m+fp/hard\libc_nano.a(libc_a-stdio.o)
                0x0800ae9c                __sread
 .text.__swrite
                0x0800aebe       0x38 C:/ST/STM32CubeIDE_2.0.0/STM32CubeIDE/plugins/com.st.stm32cube.ide.mcu.externaltools.gnu-tools-for-stm32.13.3.rel1.win32_1.0.100.202509120712/tools/bin/../lib/gcc/arm-none-eabi/13.3.1/../../../../arm-none-eabi/lib/thumb/v7e-m+fp/hard\libc_nano.a(libc_a-stdio.o)
                0x0800aebe                __swrite
 .text.__sseek  0x0800aef6       0x24 C:/ST/STM32CubeIDE_2.0.0/STM32CubeIDE/plugins/com.st.stm32cube.ide.mcu.externaltools.gnu-tools-for-stm32.13.3.rel1.win32_1.0.100.202509120712/tools/bin/../lib/gcc/arm-none-eabi/13.3.1/../../../../arm-none-eabi/lib/thumb/v7e-m+fp/hard\libc_nano.a(libc_a-stdio.o)
                0x0800aef6                __sseek
 .text.__sclose
                0x0800af1a        0x8 C:/ST/STM32CubeIDE_2.0.0/STM32CubeIDE/plugins/com.st.stm32cube.ide.mcu.externaltools.gnu-tools-for-stm32.13.3.rel1.win32_1.0.100.202509120712/tools/bin/../lib/gcc/arm-none-eabi/13.3.1/../../../../arm-none-eabi/lib/thumb/v7e-m+fp/hard\libc_nano.a(libc_a-stdio.o)
                0x0800af1a                __sclose
 .text.__swbuf_r
                0x0800af22       0x7c C:/ST/STM32CubeIDE_2.0.0/STM32CubeIDE/plugins/com.st.stm32cube.ide.mcu.externaltools.gnu-tools-for-stm32.13.3.rel1.win32_1.0.100.202509120712/tools/bin/../lib/gcc/arm-none-eabi/13.3.1/../../../../arm-none-eabi/lib/thumb/v7e-m+fp/hard\libc_nano.a(libc_a-wbuf.o)
                0x0800af22                __swbuf_r
 *fill*         0x0800af9e        0x2 
 .text.__swsetup_r
                0x0800afa0       0xac C:/ST/STM32CubeIDE_2.0.0/STM32CubeIDE/plugins/com.st.stm32cube.ide.mcu.externaltools.gnu-tools-for-stm32.13.3.rel1.win32_1.0.100.202509120712/tools/bin/../lib/gcc/arm-none-eabi/13.3.1/../../../../arm-none-eabi/lib/thumb/v7e-m+fp/hard\libc_nano.a(libc_a-wsetup.o)
                0x0800afa0                __swsetup_r
 .text.memset   0x0800b04c       0x10 C:/ST/STM32CubeIDE_2.0.0/STM32CubeIDE/plugins/com.st.stm32cube.ide.mcu.externaltools.gnu-tools-for-stm32.13.3.rel1.win32_1.0.100.202509120712/tools/bin/../lib/gcc/arm-none-eabi/13.3.1/../../../../arm-none-eabi/lib/thumb/v7e-m+fp/hard\libc_nano.a(libc_a-memset.o)
                0x0800b04c                memset
 .text._localeconv_r
                0x0800b05c        0x8 C:/ST/STM32CubeIDE_2.0.0/STM32CubeIDE/plugins/com.st.stm32cube.ide.mcu.externaltools.gnu-tools-for-stm32.13.3.rel1.win32_1.0.100.202509120712/tools/bin/../lib/gcc/arm-none-eabi/13.3.1/../../../../arm-none-eabi/lib/thumb/v7e-m+fp/hard\libc_nano.a(libc_a-localeconv.o)
                0x0800b05c                _localeconv_r
 .text._close_r
                0x0800b064       0x20 C:/ST/STM32CubeIDE_2.0.0/STM32CubeIDE/plugins/com.st.stm32cube.ide.mcu.externaltools.gnu-tools-for-stm32.13.3.rel1.win32_1.0.100.202509120712/tools/bin/../lib/gcc/arm-none-eabi/13.3.1/../../../../arm-none-eabi/lib/thumb/v7e-m+fp/hard\libc_nano.a(libc_a-closer.o)
                0x0800b064                _close_r
 .text._lseek_r
                0x0800b084       0x24 C:/ST/STM32CubeIDE_2.0.0/STM32CubeIDE/plugins/com.st.stm32cube.ide.mcu.externaltools.gnu-tools-for-stm32.13.3.rel1.win32_1.0.100.202509120712/tools/bin/../lib/gcc/arm-none-eabi/13.3.1/../../../../arm-none-eabi/lib/thumb/v7e-m+fp/hard\libc_nano.a(libc_a-lseekr.o)
                0x0800b084                _lseek_r
 .text._read_r  0x0800b0a8       0x24 C:/ST/STM32CubeIDE_2.0.0/STM32CubeIDE/plugins/com.st.stm32cube.ide.mcu.externaltools.gnu-tools-for-stm32.13.3.rel1.win32_1.0.100.202509120712/tools/bin/../lib/gcc/arm-none-eabi/13.3.1/../../../../arm-none-eabi/lib/thumb/v7e-m+fp/hard\libc_nano.a(libc_a-readr.o)
                0x0800b0a8                _read_r
 .text._sbrk_r  0x0800b0cc       0x20 C:/ST/STM32CubeIDE_2.0.0/STM32CubeIDE/plugins/com.st.stm32cube.ide.mcu.externaltools.gnu-tools-for-stm32.13.3.rel1.win32_1.0.100.202509120712/tools/bin/../lib/gcc/arm-none-eabi/13.3.1/../../../../arm-none-eabi/lib/thumb/v7e-m+fp/hard\libc_nano.a(libc_a-sbrkr.o)
                0x0800b0cc                _sbrk_r
 .text._write_r
                0x0800b0ec       0x24 C:/ST/STM32CubeIDE_2.0.0/STM32CubeIDE/plugins/com.st.stm32cube.ide.mcu.externaltools.gnu-tools-for-stm32.13.3.rel1.win32_1.0.100.202509120712/tools/bin/../lib/gcc/arm-none-eabi/13.3.1/../../../../arm-none-eabi/lib/thumb/v7e-m+fp/hard\libc_nano.a(libc_a-writer.o)
                0x0800b0ec                _write_r
 .text.__errno  0x0800b110        0xc C:/ST/STM32CubeIDE_2.0.0/STM32CubeIDE/plugins/com.st.stm32cube.ide.mcu.externaltools.gnu-tools-for-stm32.13.3.rel1.win32_1.0.100.202509120712/tools/bin/../lib/gcc/arm-none-eabi/13.3.1/../../../../arm-none-eabi/lib/thumb/v7e-m+fp/hard\libc_nano.a(libc_a-errno.o)
                0x0800b110                __errno
 .text.__libc_init_array
                0x0800b11c       0x48 C:/ST/STM32CubeIDE_2.0.0/STM32CubeIDE/plugins/com.st.stm32cube.ide.mcu.externaltools.gnu-tools-for-stm32.13.3.rel1.win32_1.0.100.202509120712/tools/bin/../lib/gcc/arm-none-eabi/13.3.1/../../../../arm-none-eabi/lib/thumb/v7e-m+fp/hard\libc_nano.a(libc_a-init.o)
                0x0800b11c                __libc_init_array
 .text.__retarget_lock_init_recursive
                0x0800b164        0x2 C:/ST/STM32CubeIDE_2.0.0/STM32CubeIDE/plugins/com.st.stm32cube.ide.mcu.externaltools.gnu-tools-for-stm32.13.3.rel1.win32_1.0.100.202509120712/tools/bin/../lib/gcc/arm-none-eabi/13.3.1/../../../../arm-none-eabi/lib/thumb/v7e-m+fp/hard\libc_nano.a(libc_a-lock.o)
                0x0800b164                __retarget_lock_init_recursive
 .text.__retarget_lock_acquire_recursive
                0x0800b166        0x2 C:/ST/STM32CubeIDE_2.0.0/STM32CubeIDE/plugins/com.st.stm32cube.ide.mcu.externaltools.gnu-tools-for-stm32.13.3.rel1.win32_1.0.100.202509120712/tools/bin/../lib/gcc/arm-none-eabi/13.3.1/../../../../arm-none-eabi/lib/thumb/v7e-m+fp/hard\libc_nano.a(libc_a-lock.o)
                0x0800b166                __retarget_lock_acquire_recursive
 .text.__retarget_lock_release_recursive
                0x0800b168        0x2 C:/ST/STM32CubeIDE_2.0.0/STM32CubeIDE/plugins/com.st.stm32cube.ide.mcu.externaltools.gnu-tools-for-stm32.13.3.rel1.win32_1.0.100.202509120712/tools/bin/../lib/gcc/arm-none-eabi/13.3.1/../../../../arm-none-eabi/lib/thumb/v7e-m+fp/hard\libc_nano.a(libc_a-lock.o)
                0x0800b168                __retarget_lock_release_recursive
 *fill*         0x0800b16a        0x2 
 .text.__assert_func
                0x0800b16c       0x3c C:/ST/STM32CubeIDE_2.0.0/STM32CubeIDE/plugins/com.st.stm32cube.ide.mcu.externaltools.gnu-tools-for-stm32.13.3.rel1.win32_1.0.100.202509120712/tools/bin/../lib/gcc/arm-none-eabi/13.3.1/../../../../arm-none-eabi/lib/thumb/v7e-m+fp/hard\libc_nano.a(libc_a-assert.o)
                0x0800b16c                __assert_func
 .text.quorem   0x0800b1a8      0x110 C:/ST/STM32CubeIDE_2.0.0/STM32CubeIDE/plugins/com.st.stm32cube.ide.mcu.externaltools.gnu-tools-for-stm32.13.3.rel1.win32_1.0.100.202509120712/tools/bin/../lib/gcc/arm-none-eabi/13.3.1/../../../../arm-none-eabi/lib/thumb/v7e-m+fp/hard\libc_nano.a(libc_a-dtoa.o)
 .text._dtoa_r  0x0800b2b8      0xba0 C:/ST/STM32CubeIDE_2.0.0/STM32CubeIDE/plugins/com.st.stm32cube.ide.mcu.externaltools.gnu-tools-for-stm32.13.3.rel1.win32_1.0.100.202509120712/tools/bin/../lib/gcc/arm-none-eabi/13.3.1/../../../../arm-none-eabi/lib/thumb/v7e-m+fp/hard\libc_nano.a(libc_a-dtoa.o)
                0x0800b2b8                _dtoa_r
 .text._free_r  0x0800be58       0x94 C:/ST/STM32CubeIDE_2.0.0/STM32CubeIDE/plugins/com.st.stm32cube.ide.mcu.externaltools.gnu-tools-for-stm32.13.3.rel1.win32_1.0.100.202509120712/tools/bin/../lib/gcc/arm-none-eabi/13.3.1/../../../../arm-none-eabi/lib/thumb/v7e-m+fp/hard\libc_nano.a(libc_a-freer.o)
                0x0800be58                _free_r
 .text._Balloc  0x0800beec       0x80 C:/ST/STM32CubeIDE_2.0.0/STM32CubeIDE/plugins/com.st.stm32cube.ide.mcu.externaltools.gnu-tools-for-stm32.13.3.rel1.win32_1.0.100.202509120712/tools/bin/../lib/gcc/arm-none-eabi/13.3.1/../../../../arm-none-eabi/lib/thumb/v7e-m+fp/hard\libc_nano.a(libc_a-mprec.o)
                0x0800beec                _Balloc
 .text._Bfree   0x0800bf6c       0x44 C:/ST/STM32CubeIDE_2.0.0/STM32CubeIDE/plugins/com.st.stm32cube.ide.mcu.externaltools.gnu-tools-for-stm32.13.3.rel1.win32_1.0.100.202509120712/tools/bin/../lib/gcc/arm-none-eabi/13.3.1/../../../../arm-none-eabi/lib/thumb/v7e-m+fp/hard\libc_nano.a(libc_a-mprec.o)
                0x0800bf6c                _Bfree
 .text.__multadd
                0x0800bfb0       0x8c C:/ST/STM32CubeIDE_2.0.0/STM32CubeIDE/plugins/com.st.stm32cube.ide.mcu.externaltools.gnu-tools-for-stm32.13.3.rel1.win32_1.0.100.202509120712/tools/bin/../lib/gcc/arm-none-eabi/13.3.1/../../../../arm-none-eabi/lib/thumb/v7e-m+fp/hard\libc_nano.a(libc_a-mprec.o)
                0x0800bfb0                __multadd
 .text.__hi0bits
                0x0800c03c       0x3e C:/ST/STM32CubeIDE_2.0.0/STM32CubeIDE/plugins/com.st.stm32cube.ide.mcu.externaltools.gnu-tools-for-stm32.13.3.rel1.win32_1.0.100.202509120712/tools/bin/../lib/gcc/arm-none-eabi/13.3.1/../../../../arm-none-eabi/lib/thumb/v7e-m+fp/hard\libc_nano.a(libc_a-mprec.o)
                0x0800c03c                __hi0bits
 .text.__lo0bits
                0x0800c07a       0x5a C:/ST/STM32CubeIDE_2.0.0/STM32CubeIDE/plugins/com.st.stm32cube.ide.mcu.externaltools.gnu-tools-for-stm32.13.3.rel1.win32_1.0.100.202509120712/tools/bin/../lib/gcc/arm-none-eabi/13.3.1/../../../../arm-none-eabi/lib/thumb/v7e-m+fp/hard\libc_nano.a(libc_a-mprec.o)
                0x0800c07a                __lo0bits
 .text.__i2b    0x0800c0d4       0x2c C:/ST/STM32CubeIDE_2.0.0/STM32CubeIDE/plugins/com.st.stm32cube.ide.mcu.externaltools.gnu-tools-for-stm32.13.3.rel1.win32_1.0.100.202509120712/tools/bin/../lib/gcc/arm-none-eabi/13.3.1/../../../../arm-none-eabi/lib/thumb/v7e-m+fp/hard\libc_nano.a(libc_a-mprec.o)
                0x0800c0d4                __i2b
 .text.__multiply
                0x0800c100      0x144 C:/ST/STM32CubeIDE_2.0.0/STM32CubeIDE/plugins/com.st.stm32cube.ide.mcu.externaltools.gnu-tools-for-stm32.13.3.rel1.win32_1.0.100.202509120712/tools/bin/../lib/gcc/arm-none-eabi/13.3.1/../../../../arm-none-eabi/lib/thumb/v7e-m+fp/hard\libc_nano.a(libc_a-mprec.o)
                0x0800c100                __multiply
 .text.__pow5mult
                0x0800c244       0xb4 C:/ST/STM32CubeIDE_2.0.0/STM32CubeIDE/plugins/com.st.stm32cube.ide.mcu.externaltools.gnu-tools-for-stm32.13.3.rel1.win32_1.0.100.202509120712/tools/bin/../lib/gcc/arm-none-eabi/13.3.1/../../../../arm-none-eabi/lib/thumb/v7e-m+fp/hard\libc_nano.a(libc_a-mprec.o)
                0x0800c244                __pow5mult
 .text.__lshift
                0x0800c2f8       0xd8 C:/ST/STM32CubeIDE_2.0.0/STM32CubeIDE/plugins/com.st.stm32cube.ide.mcu.externaltools.gnu-tools-for-stm32.13.3.rel1.win32_1.0.100.202509120712/tools/bin/../lib/gcc/arm-none-eabi/13.3.1/../../../../arm-none-eabi/lib/thumb/v7e-m+fp/hard\libc_nano.a(libc_a-mprec.o)
                0x0800c2f8                __lshift
 .text.__mcmp   0x0800c3d0       0x36 C:/ST/STM32CubeIDE_2.0.0/STM32CubeIDE/plugins/com.st.stm32cube.ide.mcu.externaltools.gnu-tools-for-stm32.13.3.rel1.win32_1.0.100.202509120712/tools/bin/../lib/gcc/arm-none-eabi/13.3.1/../../../../arm-none-eabi/lib/thumb/v7e-m+fp/hard\libc_nano.a(libc_a-mprec.o)
                0x0800c3d0                __mcmp
 *fill*         0x0800c406        0x2 
 .text.__mdiff  0x0800c408      0x128 C:/ST/STM32CubeIDE_2.0.0/STM32CubeIDE/plugins/com.st.stm32cube.ide.mcu.externaltools.gnu-tools-for-stm32.13.3.rel1.win32_1.0.100.202509120712/tools/bin/../lib/gcc/arm-none-eabi/13.3.1/../../../../arm-none-eabi/lib/thumb/v7e-m+fp/hard\libc_nano.a(libc_a-mprec.o)
                0x0800c408                __mdiff
 .text.__d2b    0x0800c530       0xb0 C:/ST/STM32CubeIDE_2.0.0/STM32CubeIDE/plugins/com.st.stm32cube.ide.mcu.externaltools.gnu-tools-for-stm32.13.3.rel1.win32_1.0.100.202509120712/tools/bin/../lib/gcc/arm-none-eabi/13.3.1/../../../../arm-none-eabi/lib/thumb/v7e-m+fp/hard\libc_nano.a(libc_a-mprec.o)
                0x0800c530                __d2b
 .text.__ssputs_r
                0x0800c5e0       0xb6 C:/ST/STM32CubeIDE_2.0.0/STM32CubeIDE/plugins/com.st.stm32cube.ide.mcu.externaltools.gnu-tools-for-stm32.13.3.rel1.win32_1.0.100.202509120712/tools/bin/../lib/gcc/arm-none-eabi/13.3.1/../../../../arm-none-eabi/lib/thumb/v7e-m+fp/hard\libc_nano.a(libc_a-nano-svfprintf.o)
                0x0800c5e0                __ssputs_r
 *fill*         0x0800c696        0x2 
 .text._svfprintf_r
                0x0800c698      0x1f8 C:/ST/STM32CubeIDE_2.0.0/STM32CubeIDE/plugins/com.st.stm32cube.ide.mcu.externaltools.gnu-tools-for-stm32.13.3.rel1.win32_1.0.100.202509120712/tools/bin/../lib/gcc/arm-none-eabi/13.3.1/../../../../arm-none-eabi/lib/thumb/v7e-m+fp/hard\libc_nano.a(libc_a-nano-svfprintf.o)
                0x0800c698                _svfiprintf_r
                0x0800c698                _svfprintf_r
 .text.__sfputc_r
                0x0800c890       0x2e C:/ST/STM32CubeIDE_2.0.0/STM32CubeIDE/plugins/com.st.stm32cube.ide.mcu.externaltools.gnu-tools-for-stm32.13.3.rel1.win32_1.0.100.202509120712/tools/bin/../lib/gcc/arm-none-eabi/13.3.1/../../../../arm-none-eabi/lib/thumb/v7e-m+fp/hard\libc_nano.a(libc_a-nano-vfprintf.o)
 .text.__sfputs_r
                0x0800c8be       0x24 C:/ST/STM32CubeIDE_2.0.0/STM32CubeIDE/plugins/com.st.stm32cube.ide.mcu.externaltools.gnu-tools-for-stm32.13.3.rel1.win32_1.0.100.202509120712/tools/bin/../lib/gcc/arm-none-eabi/13.3.1/../../../../arm-none-eabi/lib/thumb/v7e-m+fp/hard\libc_nano.a(libc_a-nano-vfprintf.o)
                0x0800c8be                __sfputs_r
 *fill*         0x0800c8e2        0x2 
 .text._vfprintf_r
                0x0800c8e4      0x230 C:/ST/STM32CubeIDE_2.0.0/STM32CubeIDE/plugins/com.st.stm32cube.ide.mcu.externaltools.gnu-tools-for-stm32.13.3.rel1.win32_1.0.100.202509120712/tools/bin/../lib/gcc/arm-none-eabi/13.3.1/../../../../arm-none-eabi/lib/thumb/v7e-m+fp/hard\libc_nano.a(libc_a-nano-vfprintf.o)
                0x0800c8e4                _vfprintf_r
                0x0800c8e4                _vfiprintf_r
 .text.__sflush_r
                0x0800cb14      0x108 C:/ST/STM32CubeIDE_2.0.0/STM32CubeIDE/plugins/com.st.stm32cube.ide.mcu.externaltools.gnu-tools-for-stm32.13.3.rel1.win32_1.0.100.202509120712/tools/bin/../lib/gcc/arm-none-eabi/13.3.1/../../../../arm-none-eabi/lib/thumb/v7e-m+fp/hard\libc_nano.a(libc_a-fflush.o)
                0x0800cb14                __sflush_r
 .text._fflush_r
                0x0800cc1c       0x50 C:/ST/STM32CubeIDE_2.0.0/STM32CubeIDE/plugins/com.st.stm32cube.ide.mcu.externaltools.gnu-tools-for-stm32.13.3.rel1.win32_1.0.100.202509120712/tools/bin/../lib/gcc/arm-none-eabi/13.3.1/../../../../arm-none-eabi/lib/thumb/v7e-m+fp/hard\libc_nano.a(libc_a-fflush.o)
                0x0800cc1c                _fflush_r
 .text.fprintf  0x0800cc6c       0x24 C:/ST/STM32CubeIDE_2.0.0/STM32CubeIDE/plugins/com.st.stm32cube.ide.mcu.externaltools.gnu-tools-for-stm32.13.3.rel1.win32_1.0.100.202509120712/tools/bin/../lib/gcc/arm-none-eabi/13.3.1/../../../../arm-none-eabi/lib/thumb/v7e-m+fp/hard\libc_nano.a(libc_a-fprintf.o)
                0x0800cc6c                fiprintf
                0x0800cc6c                fprintf
 .text.__swhatbuf_r
                0x0800cc90       0x4c C:/ST/STM32CubeIDE_2.0.0/STM32CubeIDE/plugins/com.st.stm32cube.ide.mcu.externaltools.gnu-tools-for-stm32.13.3.rel1.win32_1.0.100.202509120712/tools/bin/../lib/gcc/arm-none-eabi/13.3.1/../../../../arm-none-eabi/lib/thumb/v7e-m+fp/hard\libc_nano.a(libc_a-makebuf.o)
                0x0800cc90                __swhatbuf_r
 .text.__smakebuf_r
                0x0800ccdc       0x78 C:/ST/STM32CubeIDE_2.0.0/STM32CubeIDE/plugins/com.st.stm32cube.ide.mcu.externaltools.gnu-tools-for-stm32.13.3.rel1.win32_1.0.100.202509120712/tools/bin/../lib/gcc/arm-none-eabi/13.3.1/../../../../arm-none-eabi/lib/thumb/v7e-m+fp/hard\libc_nano.a(libc_a-makebuf.o)
                0x0800ccdc                __smakebuf_r
 .text.memmove  0x0800cd54       0x34 C:/ST/STM32CubeIDE_2.0.0/STM32CubeIDE/plugins/com.st.stm32cube.ide.mcu.externaltools.gnu-tools-for-stm32.13.3.rel1.win32_1.0.100.202509120712/tools/bin/../lib/gcc/arm-none-eabi/13.3.1/../../../../arm-none-eabi/lib/thumb/v7e-m+fp/hard\libc_nano.a(libc_a-memmove.o)
                0x0800cd54                memmove
 .text._fstat_r
                0x0800cd88       0x24 C:/ST/STM32CubeIDE_2.0.0/STM32CubeIDE/plugins/com.st.stm32cube.ide.mcu.externaltools.gnu-tools-for-stm32.13.3.rel1.win32_1.0.100.202509120712/tools/bin/../lib/gcc/arm-none-eabi/13.3.1/../../../../arm-none-eabi/lib/thumb/v7e-m+fp/hard\libc_nano.a(libc_a-fstatr.o)
                0x0800cd88                _fstat_r
 .text._isatty_r
                0x0800cdac       0x20 C:/ST/STM32CubeIDE_2.0.0/STM32CubeIDE/plugins/com.st.stm32cube.ide.mcu.externaltools.gnu-tools-for-stm32.13.3.rel1.win32_1.0.100.202509120712/tools/bin/../lib/gcc/arm-none-eabi/13.3.1/../../../../arm-none-eabi/lib/thumb/v7e-m+fp/hard\libc_nano.a(libc_a-isattyr.o)
                0x0800cdac                _isatty_r
 .text.memcpy   0x0800cdcc       0x1c C:/ST/STM32CubeIDE_2.0.0/STM32CubeIDE/plugins/com.st.stm32cube.ide.mcu.externaltools.gnu-tools-for-stm32.13.3.rel1.win32_1.0.100.202509120712/tools/bin/../lib/gcc/arm-none-eabi/13.3.1/../../../../arm-none-eabi/lib/thumb/v7e-m+fp/hard\libc_nano.a(libc_a-memcpy-stub.o)
                0x0800cdcc                memcpy
 .text.abort    0x0800cde8        0xe C:/ST/STM32CubeIDE_2.0.0/STM32CubeIDE/plugins/com.st.stm32cube.ide.mcu.externaltools.gnu-tools-for-stm32.13.3.rel1.win32_1.0.100.202509120712/tools/bin/../lib/gcc/arm-none-eabi/13.3.1/../../../../arm-none-eabi/lib/thumb/v7e-m+fp/hard\libc_nano.a(libc_a-abort.o)
                0x0800cde8                abort
 .text._calloc_r
                0x0800cdf6       0x28 C:/ST/STM32CubeIDE_2.0.0/STM32CubeIDE/plugins/com.st.stm32cube.ide.mcu.externaltools.gnu-tools-for-stm32.13.3.rel1.win32_1.0.100.202509120712/tools/bin/../lib/gcc/arm-none-eabi/13.3.1/../../../../arm-none-eabi/lib/thumb/v7e-m+fp/hard\libc_nano.a(libc_a-callocr.o)
                0x0800cdf6                _calloc_r
 .text.__ascii_mbtowc
                0x0800ce1e       0x24 C:/ST/STM32CubeIDE_2.0.0/STM32CubeIDE/plugins/com.st.stm32cube.ide.mcu.externaltools.gnu-tools-for-stm32.13.3.rel1.win32_1.0.100.202509120712/tools/bin/../lib/gcc/arm-none-eabi/13.3.1/../../../../arm-none-eabi/lib/thumb/v7e-m+fp/hard\libc_nano.a(libc_a-mbtowc_r.o)
                0x0800ce1e                __ascii_mbtowc
 .text._realloc_r
                0x0800ce42       0x5c C:/ST/STM32CubeIDE_2.0.0/STM32CubeIDE/plugins/com.st.stm32cube.ide.mcu.externaltools.gnu-tools-for-stm32.13.3.rel1.win32_1.0.100.202509120712/tools/bin/../lib/gcc/arm-none-eabi/13.3.1/../../../../arm-none-eabi/lib/thumb/v7e-m+fp/hard\libc_nano.a(libc_a-reallocr.o)
                0x0800ce42                _realloc_r
 .text.__ascii_wctomb
                0x0800ce9e       0x1a C:/ST/STM32CubeIDE_2.0.0/STM32CubeIDE/plugins/com.st.stm32cube.ide.mcu.externaltools.gnu-tools-for-stm32.13.3.rel1.win32_1.0.100.202509120712/tools/bin/../lib/gcc/arm-none-eabi/13.3.1/../../../../arm-none-eabi/lib/thumb/v7e-m+fp/hard\libc_nano.a(libc_a-wctomb_r.o)
                0x0800ce9e                __ascii_wctomb
 .text._raise_r
                0x0800ceb8       0x50 C:/ST/STM32CubeIDE_2.0.0/STM32CubeIDE/plugins/com.st.stm32cube.ide.mcu.externaltools.gnu-tools-for-stm32.13.3.rel1.win32_1.0.100.202509120712/tools/bin/../lib/gcc/arm-none-eabi/13.3.1/../../../../arm-none-eabi/lib/thumb/v7e-m+fp/hard\libc_nano.a(libc_a-signal.o)
                0x0800ceb8                _raise_r
 .text.raise    0x0800cf08       0x10 C:/ST/STM32CubeIDE_2.0.0/STM32CubeIDE/plugins/com.st.stm32cube.ide.mcu.externaltools.gnu-tools-for-stm32.13.3.rel1.win32_1.0.100.202509120712/tools/bin/../lib/gcc/arm-none-eabi/13.3.1/../../../../arm-none-eabi/lib/thumb/v7e-m+fp/hard\libc_nano.a(libc_a-signal.o)
                0x0800cf08                raise
 .text._kill_r  0x0800cf18       0x24 C:/ST/STM32CubeIDE_2.0.0/STM32CubeIDE/plugins/com.st.stm32cube.ide.mcu.externaltools.gnu-tools-for-stm32.13.3.rel1.win32_1.0.100.202509120712/tools/bin/../lib/gcc/arm-none-eabi/13.3.1/../../../../arm-none-eabi/lib/thumb/v7e-m+fp/hard\libc_nano.a(libc_a-signalr.o)
                0x0800cf18                _kill_r
 .text._getpid_r
                0x0800cf3c        0x4 C:/ST/STM32CubeIDE_2.0.0/STM32CubeIDE/plugins/com.st.stm32cube.ide.mcu.externaltools.gnu-tools-for-stm32.13.3.rel1.win32_1.0.100.202509120712/tools/bin/../lib/gcc/arm-none-eabi/13.3.1/../../../../arm-none-eabi/lib/thumb/v7e-m+fp/hard\libc_nano.a(libc_a-signalr.o)
                0x0800cf3c                _getpid_r
 .text._malloc_usable_size_r
                0x0800cf40       0x10 C:/ST/STM32CubeIDE_2.0.0/STM32CubeIDE/plugins/com.st.stm32cube.ide.mcu.externaltools.gnu-tools-for-stm32.13.3.rel1.win32_1.0.100.202509120712/tools/bin/../lib/gcc/arm-none-eabi/13.3.1/../../../../arm-none-eabi/lib/thumb/v7e-m+fp/hard\libc_nano.a(libc_a-msizer.o)
                0x0800cf40                _malloc_usable_size_r
 *(.glue_7)
 .glue_7        0x0800cf50        0x0 linker stubs
 *(.glue_7t)
 .glue_7t       0x0800cf50        0x0 linker stubs
 *(.eh_frame)
 .eh_frame      0x0800cf50        0x0 C:/ST/STM32CubeIDE_2.0.0/STM32CubeIDE/plugins/com.st.stm32cube.ide.mcu.externaltools.gnu-tools-for-stm32.13.3.rel1.win32_1.0.100.202509120712/tools/bin/../lib/gcc/arm-none-eabi/13.3.1/thumb/v7e-m+fp/hard/crtbegin.o
 *(.init)
 .init          0x0800cf50        0x4 C:/ST/STM32CubeIDE_2.0.0/STM32CubeIDE/plugins/com.st.stm32cube.ide.mcu.externaltools.gnu-tools-for-stm32.13.3.rel1.win32_1.0.100.202509120712/tools/bin/../lib/gcc/arm-none-eabi/13.3.1/thumb/v7e-m+fp/hard/crti.o
                0x0800cf50                _init
 .init          0x0800cf54        0x8 C:/ST/STM32CubeIDE_2.0.0/STM32CubeIDE/plugins/com.st.stm32cube.ide.mcu.externaltools.gnu-tools-for-stm32.13.3.rel1.win32_1.0.100.202509120712/tools/bin/../lib/gcc/arm-none-eabi/13.3.1/thumb/v7e-m+fp/hard/crtn.o
 *(.fini)
 .fini          0x0800cf5c        0x4 C:/ST/STM32CubeIDE_2.0.0/STM32CubeIDE/plugins/com.st.stm32cube.ide.mcu.externaltools.gnu-tools-for-stm32.13.3.rel1.win32_1.0.100.202509120712/tools/bin/../lib/gcc/arm-none-eabi/13.3.1/thumb/v7e-m+fp/hard/crti.o
                0x0800cf5c                _fini
 .fini          0x0800cf60        0x8 C:/ST/STM32CubeIDE_2.0.0/STM32CubeIDE/plugins/com.st.stm32cube.ide.mcu.externaltools.gnu-tools-for-stm32.13.3.rel1.win32_1.0.100.202509120712/tools/bin/../lib/gcc/arm-none-eabi/13.3.1/thumb/v7e-m+fp/hard/crtn.o
                0x0800cf68                        . = ALIGN (0x4)
                0x0800cf68                        _etext = .

.vfp11_veneer   0x0800cf68        0x0
 .vfp11_veneer  0x0800cf68        0x0 linker stubs

.v4_bx          0x0800cf68        0x0
 .v4_bx         0x0800cf68        0x0 linker stubs

.iplt           0x0800cf68        0x0
 .iplt          0x0800cf68        0x0 C:/ST/STM32CubeIDE_2.0.0/STM32CubeIDE/plugins/com.st.stm32cube.ide.mcu.externaltools.gnu-tools-for-stm32.13.3.rel1.win32_1.0.100.202509120712/tools/bin/../lib/gcc/arm-none-eabi/13.3.1/thumb/v7e-m+fp/hard/crtbegin.o

.rodata         0x0800cf68     0x2160
                0x0800cf68                        . = ALIGN (0x4)
 *(.rodata)
 .rodata        0x0800cf68       0x48 ./Core/Src/ff.o
 .rodata        0x0800cfb0      0x25a ./Core/Src/game.o
 *fill*         0x0800d20a        0x2 
 .rodata        0x0800d20c      0x11d ./Core/Src/main.o
 *fill*         0x0800d329        0x3 
 .rodata        0x0800d32c       0x90 ./Core/Src/st7735.o
 *(.rodata*)
 .rodata.Tbl    0x0800d3bc      0x100 ./Core/Src/ccsbcs.o
 .rodata.cvt1.1
                0x0800d4bc      0x1f2 ./Core/Src/ccsbcs.o
 *fill*         0x0800d6ae        0x2 
 .rodata.cvt2.0
                0x0800d6b0       0xbc ./Core/Src/ccsbcs.o
 .rodata.ExCvt  0x0800d76c       0x80 ./Core/Src/ff.o
 .rodata.LfnOfs
                0x0800d7ec        0xd ./Core/Src/ff.o
 *fill*         0x0800d7f9        0x3 
 .rodata.Font7x10_Data
                0x0800d7fc      0x76c ./Core/Src/fonts.o
 .rodata.Font11x18_Data
                0x0800df68      0xd5c ./Core/Src/fonts.o
 .rodata.Font_7x10
                0x0800ecc4        0x8 ./Core/Src/fonts.o
                0x0800ecc4                Font_7x10
 .rodata.Font_11x18
                0x0800eccc        0x8 ./Core/Src/fonts.o
                0x0800eccc                Font_11x18
 .rodata.AHBPrescTable
                0x0800ecd4       0x10 ./Core/Src/system_stm32f4xx.o
                0x0800ecd4                AHBPrescTable
 .rodata.APBPrescTable
                0x0800ece4        0x8 ./Core/Src/system_stm32f4xx.o
                0x0800ece4                APBPrescTable
 .rodata.digitToSegment
                0x0800ecec       0x10 ./Core/Src/tm1637.o
                0x0800ecec                digitToSegment
 .rodata.srand.str1.1
                0x0800ecfc      0x1c9 C:/ST/STM32CubeIDE_2.0.0/STM32CubeIDE/plugins/com.st.stm32cube.ide.mcu.externaltools.gnu-tools-for-stm32.13.3.rel1.win32_1.0.100.202509120712/tools/bin/../lib/gcc/arm-none-eabi/13.3.1/../../../../arm-none-eabi/lib/thumb/v7e-m+fp/hard\libc_nano.a(libc_a-rand.o)
                                 0x6f (size before relaxing)
 .rodata._ctype_
                0x0800eec5      0x101 C:/ST/STM32CubeIDE_2.0.0/STM32CubeIDE/plugins/com.st.stm32cube.ide.mcu.externaltools.gnu-tools-for-stm32.13.3.rel1.win32_1.0.100.202509120712/tools/bin/../lib/gcc/arm-none-eabi/13.3.1/../../../../arm-none-eabi/lib/thumb/v7e-m+fp/hard\libc_nano.a(libc_a-ctype_.o)
                0x0800eec5                _ctype_
 .rodata._printf_float.str1.1
                0x0800efc6        0x0 C:/ST/STM32CubeIDE_2.0.0/STM32CubeIDE/plugins/com.st.stm32cube.ide.mcu.externaltools.gnu-tools-for-stm32.13.3.rel1.win32_1.0.100.202509120712/tools/bin/../lib/gcc/arm-none-eabi/13.3.1/../../../../arm-none-eabi/lib/thumb/v7e-m+fp/hard\libc_nano.a(libc_a-nano-vfprintf_float.o)
                                 0x12 (size before relaxing)
 .rodata._printf_i.str1.1
                0x0800efc6        0x0 C:/ST/STM32CubeIDE_2.0.0/STM32CubeIDE/plugins/com.st.stm32cube.ide.mcu.externaltools.gnu-tools-for-stm32.13.3.rel1.win32_1.0.100.202509120712/tools/bin/../lib/gcc/arm-none-eabi/13.3.1/../../../../arm-none-eabi/lib/thumb/v7e-m+fp/hard\libc_nano.a(libc_a-nano-vfprintf_i.o)
                                 0x22 (size before relaxing)
 .rodata.__assert_func.str1.1
                0x0800efc6        0x0 C:/ST/STM32CubeIDE_2.0.0/STM32CubeIDE/plugins/com.st.stm32cube.ide.mcu.externaltools.gnu-tools-for-stm32.13.3.rel1.win32_1.0.100.202509120712/tools/bin/../lib/gcc/arm-none-eabi/13.3.1/../../../../arm-none-eabi/lib/thumb/v7e-m+fp/hard\libc_nano.a(libc_a-assert.o)
                                 0x3d (size before relaxing)
 .rodata._dtoa_r.str1.1
                0x0800efc6        0x0 C:/ST/STM32CubeIDE_2.0.0/STM32CubeIDE/plugins/com.st.stm32cube.ide.mcu.externaltools.gnu-tools-for-stm32.13.3.rel1.win32_1.0.100.202509120712/tools/bin/../lib/gcc/arm-none-eabi/13.3.1/../../../../arm-none-eabi/lib/thumb/v7e-m+fp/hard\libc_nano.a(libc_a-dtoa.o)
                                 0x8f (size before relaxing)
 .rodata._Balloc.str1.1
                0x0800efc6        0x0 C:/ST/STM32CubeIDE_2.0.0/STM32CubeIDE/plugins/com.st.stm32cube.ide.mcu.externaltools.gnu-tools-for-stm32.13.3.rel1.win32_1.0.100.202509120712/tools/bin/../lib/gcc/arm-none-eabi/13.3.1/../../../../arm-none-eabi/lib/thumb/v7e-m+fp/hard\libc_nano.a(libc_a-mprec.o)
                                 0x70 (size before relaxing)
 .rodata.__multadd.str1.1
                0x0800efc6        0x0 C:/ST/STM32CubeIDE_2.0.0/STM32CubeIDE/plugins/com.st.stm32cube.ide.mcu.externaltools.gnu-tools-for-stm32.13.3.rel1.win32_1.0.100.202509120712/tools/bin/../lib/gcc/arm-none-eabi/13.3.1/../../../../arm-none-eabi/lib/thumb/v7e-m+fp/hard\libc_nano.a(libc_a-mprec.o)
                                 0x11 (size before relaxing)
 *fill*         0x0800efc6        0x2 
 .rodata.p05.0  0x0800efc8        0xc C:/ST/STM32CubeIDE_2.0.0/STM32CubeIDE/plugins/com.st.stm32cube.ide.mcu.externaltools.gnu-tools-for-stm32.13.3.rel1.win32_1.0.100.202509120712/tools/bin/../lib/gcc/arm-none-eabi/13.3.1/../../../../arm-none-eabi/lib/thumb/v7e-m+fp/hard\libc_nano.a(libc_a-mprec.o)
 *fill*         0x0800efd4        0x4 
 .rodata.__mprec_bigtens
                0x0800efd8       0x28 C:/ST/STM32CubeIDE_2.0.0/STM32CubeIDE/plugins/com.st.stm32cube.ide.mcu.externaltools.gnu-tools-for-stm32.13.3.rel1.win32_1.0.100.202509120712/tools/bin/../lib/gcc/arm-none-eabi/13.3.1/../../../../arm-none-eabi/lib/thumb/v7e-m+fp/hard\libc_nano.a(libc_a-mprec.o)
                0x0800efd8                __mprec_bigtens
 .rodata.__mprec_tens
                0x0800f000       0xc8 C:/ST/STM32CubeIDE_2.0.0/STM32CubeIDE/plugins/com.st.stm32cube.ide.mcu.externaltools.gnu-tools-for-stm32.13.3.rel1.win32_1.0.100.202509120712/tools/bin/../lib/gcc/arm-none-eabi/13.3.1/../../../../arm-none-eabi/lib/thumb/v7e-m+fp/hard\libc_nano.a(libc_a-mprec.o)
                0x0800f000                __mprec_tens
 .rodata._svfprintf_r.str1.1
                0x0800f0c8        0x0 C:/ST/STM32CubeIDE_2.0.0/STM32CubeIDE/plugins/com.st.stm32cube.ide.mcu.externaltools.gnu-tools-for-stm32.13.3.rel1.win32_1.0.100.202509120712/tools/bin/../lib/gcc/arm-none-eabi/13.3.1/../../../../arm-none-eabi/lib/thumb/v7e-m+fp/hard\libc_nano.a(libc_a-nano-svfprintf.o)
                                 0x11 (size before relaxing)
 .rodata._vfprintf_r.str1.1
                0x0800f0c8        0x0 C:/ST/STM32CubeIDE_2.0.0/STM32CubeIDE/plugins/com.st.stm32cube.ide.mcu.externaltools.gnu-tools-for-stm32.13.3.rel1.win32_1.0.100.202509120712/tools/bin/../lib/gcc/arm-none-eabi/13.3.1/../../../../arm-none-eabi/lib/thumb/v7e-m+fp/hard\libc_nano.a(libc_a-nano-vfprintf.o)
                                 0x11 (size before relaxing)
 .rodata._setlocale_r.str1.1
                0x0800f0c8        0x0 C:/ST/STM32CubeIDE_2.0.0/STM32CubeIDE/plugins/com.st.stm32cube.ide.mcu.externaltools.gnu-tools-for-stm32.13.3.rel1.win32_1.0.100.202509120712/tools/bin/../lib/gcc/arm-none-eabi/13.3.1/../../../../arm-none-eabi/lib/thumb/v7e-m+fp/hard\libc_nano.a(libc_a-locale.o)
                                  0x9 (size before relaxing)
 .rodata.str1.1
                0x0800f0c8        0x0 C:/ST/STM32CubeIDE_2.0.0/STM32CubeIDE/plugins/com.st.stm32cube.ide.mcu.externaltools.gnu-tools-for-stm32.13.3.rel1.win32_1.0.100.202509120712/tools/bin/../lib/gcc/arm-none-eabi/13.3.1/../../../../arm-none-eabi/lib/thumb/v7e-m+fp/hard\libc_nano.a(libc_a-locale.o)
                                  0x2 (size before relaxing)
                0x0800f0c8                        . = ALIGN (0x4)

.ARM.extab      0x0800f0c8        0x0
                0x0800f0c8                        . = ALIGN (0x4)
 *(.ARM.extab* .gnu.linkonce.armextab.*)
                0x0800f0c8                        . = ALIGN (0x4)

.ARM            0x0800f0c8        0x8
                0x0800f0c8                        . = ALIGN (0x4)
                0x0800f0c8                        __exidx_start = .
 *(.ARM.exidx*)
 .ARM.exidx     0x0800f0c8        0x8 C:/ST/STM32CubeIDE_2.0.0/STM32CubeIDE/plugins/com.st.stm32cube.ide.mcu.externaltools.gnu-tools-for-stm32.13.3.rel1.win32_1.0.100.202509120712/tools/bin/../lib/gcc/arm-none-eabi/13.3.1/../../../../arm-none-eabi/lib/thumb/v7e-m+fp/hard\libc_nano.a(libc_a-memchr.o)
 .ARM.exidx     0x0800f0d0        0x0 C:/ST/STM32CubeIDE_2.0.0/STM32CubeIDE/plugins/com.st.stm32cube.ide.mcu.externaltools.gnu-tools-for-stm32.13.3.rel1.win32_1.0.100.202509120712/tools/bin/../lib/gcc/arm-none-eabi/13.3.1/../../../../arm-none-eabi/lib/thumb/v7e-m+fp/hard\libc_nano.a(libc_a-strlen.o)
                                  0x8 (size before relaxing)
 .ARM.exidx     0x0800f0d0        0x0 C:/ST/STM32CubeIDE_2.0.0/STM32CubeIDE/plugins/com.st.stm32cube.ide.mcu.externaltools.gnu-tools-for-stm32.13.3.rel1.win32_1.0.100.202509120712/tools/bin/../lib/gcc/arm-none-eabi/13.3.1/thumb/v7e-m+fp/hard\libgcc.a(_udivmoddi4.o)
                                  0x8 (size before relaxing)
                0x0800f0d0                        __exidx_end = .
                0x0800f0d0                        . = ALIGN (0x4)

.preinit_array  0x0800f0d0        0x0
                0x0800f0d0                        . = ALIGN (0x4)
                0x0800f0d0                        PROVIDE (__preinit_array_start = .)
 *(.preinit_array*)
                0x0800f0d0                        PROVIDE (__preinit_array_end = .)
                0x0800f0d0                        . = ALIGN (0x4)

.init_array     0x0800f0d0        0x4
                0x0800f0d0                        . = ALIGN (0x4)
                0x0800f0d0                        PROVIDE (__init_array_start = .)
 *(SORT_BY_NAME(.init_array.*))
 *(.init_array*)
 .init_array    0x0800f0d0        0x4 C:/ST/STM32CubeIDE_2.0.0/STM32CubeIDE/plugins/com.st.stm32cube.ide.mcu.externaltools.gnu-tools-for-stm32.13.3.rel1.win32_1.0.100.202509120712/tools/bin/../lib/gcc/arm-none-eabi/13.3.1/thumb/v7e-m+fp/hard/crtbegin.o
                0x0800f0d4                        PROVIDE (__init_array_end = .)
                0x0800f0d4                        . = ALIGN (0x4)

.fini_array     0x0800f0d4        0x4
                0x0800f0d4                        . = ALIGN (0x4)
                [!provide]                        PROVIDE (__fini_array_start = .)
 *(SORT_BY_NAME(.fini_array.*))
 *(.fini_array*)
 .fini_array    0x0800f0d4        0x4 C:/ST/STM32CubeIDE_2.0.0/STM32CubeIDE/plugins/com.st.stm32cube.ide.mcu.externaltools.gnu-tools-for-stm32.13.3.rel1.win32_1.0.100.202509120712/tools/bin/../lib/gcc/arm-none-eabi/13.3.1/thumb/v7e-m+fp/hard/crtbegin.o
                [!provide]                        PROVIDE (__fini_array_end = .)
                0x0800f0d8                        . = ALIGN (0x4)
                0x0800f0d8                        _sidata = LOADADDR (.data)

.rel.dyn        0x0800f0d8        0x0
 .rel.iplt      0x0800f0d8        0x0 C:/ST/STM32CubeIDE_2.0.0/STM32CubeIDE/plugins/com.st.stm32cube.ide.mcu.externaltools.gnu-tools-for-stm32.13.3.rel1.win32_1.0.100.202509120712/tools/bin/../lib/gcc/arm-none-eabi/13.3.1/thumb/v7e-m+fp/hard/crtbegin.o

.data           0x20000000      0x208 load address 0x0800f0d8
                0x20000000                        . = ALIGN (0x4)
                0x20000000                        _sdata = .
 *(.data)
 *(.data*)
 .data.currentDifficulty
                0x20000000        0x1 ./Core/Src/game.o
                0x20000000                currentDifficulty
 *fill*         0x20000001        0x3 
 .data.speed    0x20000004        0x4 ./Core/Src/game.o
                0x20000004                speed
 .data.energy   0x20000008        0x4 ./Core/Src/game.o
                0x20000008                energy
 .data.multiplier
                0x2000000c        0x4 ./Core/Src/game.o
                0x2000000c                multiplier
 .data.filteredPot.2
                0x20000010        0x4 ./Core/Src/input.o
 .data.filteredLdr.1
                0x20000014        0x4 ./Core/Src/input.o
 .data.firstRun.0
                0x20000018        0x1 ./Core/Src/input.o
 *fill*         0x20000019        0x3 
 .data.SystemCoreClock
                0x2000001c        0x4 ./Core/Src/system_stm32f4xx.o
                0x2000001c                SystemCoreClock
 .data.Stat     0x20000020        0x1 ./Core/Src/user_diskio.o
 *fill*         0x20000021        0x3 
 .data.USER_Driver
                0x20000024       0x14 ./Core/Src/user_diskio.o
                0x20000024                USER_Driver
 .data.uwTickPrio
                0x20000038        0x4 ./Drivers/STM32F4xx_HAL_Driver/Src/stm32f4xx_hal.o
                0x20000038                uwTickPrio
 .data.uwTickFreq
                0x2000003c        0x1 ./Drivers/STM32F4xx_HAL_Driver/Src/stm32f4xx_hal.o
                0x2000003c                uwTickFreq
 *fill*         0x2000003d        0x3 
 .data.__sglue  0x20000040        0xc C:/ST/STM32CubeIDE_2.0.0/STM32CubeIDE/plugins/com.st.stm32cube.ide.mcu.externaltools.gnu-tools-for-stm32.13.3.rel1.win32_1.0.100.202509120712/tools/bin/../lib/gcc/arm-none-eabi/13.3.1/../../../../arm-none-eabi/lib/thumb/v7e-m+fp/hard\libc_nano.a(libc_a-findfp.o)
                0x20000040                __sglue
 .data._impure_ptr
                0x2000004c        0x4 C:/ST/STM32CubeIDE_2.0.0/STM32CubeIDE/plugins/com.st.stm32cube.ide.mcu.externaltools.gnu-tools-for-stm32.13.3.rel1.win32_1.0.100.202509120712/tools/bin/../lib/gcc/arm-none-eabi/13.3.1/../../../../arm-none-eabi/lib/thumb/v7e-m+fp/hard\libc_nano.a(libc_a-impure.o)
                0x2000004c                _impure_ptr
 .data._impure_data
                0x20000050       0x4c C:/ST/STM32CubeIDE_2.0.0/STM32CubeIDE/plugins/com.st.stm32cube.ide.mcu.externaltools.gnu-tools-for-stm32.13.3.rel1.win32_1.0.100.202509120712/tools/bin/../lib/gcc/arm-none-eabi/13.3.1/../../../../arm-none-eabi/lib/thumb/v7e-m+fp/hard\libc_nano.a(libc_a-impure.o)
                0x20000050                _impure_data
 .data.__global_locale
                0x2000009c      0x16c C:/ST/STM32CubeIDE_2.0.0/STM32CubeIDE/plugins/com.st.stm32cube.ide.mcu.externaltools.gnu-tools-for-stm32.13.3.rel1.win32_1.0.100.202509120712/tools/bin/../lib/gcc/arm-none-eabi/13.3.1/../../../../arm-none-eabi/lib/thumb/v7e-m+fp/hard\libc_nano.a(libc_a-locale.o)
                0x2000009c                __global_locale
 *(.RamFunc)
 *(.RamFunc*)
                0x20000208                        . = ALIGN (0x4)
                0x20000208                        _edata = .

.igot.plt       0x20000208        0x0 load address 0x0800f2e0
 .igot.plt      0x20000208        0x0 C:/ST/STM32CubeIDE_2.0.0/STM32CubeIDE/plugins/com.st.stm32cube.ide.mcu.externaltools.gnu-tools-for-stm32.13.3.rel1.win32_1.0.100.202509120712/tools/bin/../lib/gcc/arm-none-eabi/13.3.1/thumb/v7e-m+fp/hard/crtbegin.o
                0x20000208                        . = ALIGN (0x4)

.bss            0x20000208      0x800 load address 0x0800f2e0
                0x20000208                        _sbss = .
                0x20000208                        __bss_start__ = _sbss
 *(.bss)
 .bss           0x20000208       0x1c C:/ST/STM32CubeIDE_2.0.0/STM32CubeIDE/plugins/com.st.stm32cube.ide.mcu.externaltools.gnu-tools-for-stm32.13.3.rel1.win32_1.0.100.202509120712/tools/bin/../lib/gcc/arm-none-eabi/13.3.1/thumb/v7e-m+fp/hard/crtbegin.o
 *(.bss*)
 .bss.tone_end_time
                0x20000224        0x4 ./Core/Src/audio.o
 .bss.click_end_time
                0x20000228        0x4 ./Core/Src/audio.o
 .bss.tone_active
                0x2000022c        0x1 ./Core/Src/audio.o
 .bss.click_active
                0x2000022d        0x1 ./Core/Src/audio.o
 .bss.retUSER   0x2000022e        0x1 ./Core/Src/fatfs.o
                0x2000022e                retUSER
 *fill*         0x2000022f        0x1 
 .bss.USERPath  0x20000230        0x4 ./Core/Src/fatfs.o
                0x20000230                USERPath
 .bss.USERFatFS
                0x20000234      0x234 ./Core/Src/fatfs.o
                0x20000234                USERFatFS
 .bss.USERFile  0x20000468      0x230 ./Core/Src/fatfs.o
                0x20000468                USERFile
 .bss.FatFs     0x20000698        0x8 ./Core/Src/ff.o
 .bss.Fsid      0x200006a0        0x2 ./Core/Src/ff.o
 *fill*         0x200006a2        0x2 
 .bss.Files     0x200006a4       0x20 ./Core/Src/ff.o
 .bss.disk      0x200006c4       0x10 ./Core/Src/ff_gen_drv.o
                0x200006c4                disk
 .bss.obstacles
                0x200006d4       0x78 ./Core/Src/game.o
                0x200006d4                obstacles
 .bss.currentState
                0x2000074c        0x1 ./Core/Src/game.o
                0x2000074c                currentState
 *fill*         0x2000074d        0x3 
 .bss.player    0x20000750       0x28 ./Core/Src/game.o
                0x20000750                player
 .bss.score     0x20000778        0x4 ./Core/Src/game.o
                0x20000778                score
 .bss.highScore
                0x2000077c        0x4 ./Core/Src/game.o
                0x2000077c                highScore
 .bss.isShooting
                0x20000780        0x1 ./Core/Src/game.o
                0x20000780                isShooting
 *fill*         0x20000781        0x3 
 .bss.Inputs    0x20000784       0x1c ./Core/Src/input.o
                0x20000784                Inputs
 .bss.lastKey.3
                0x200007a0        0x1 ./Core/Src/input.o
 *fill*         0x200007a1        0x3 
 .bss.hspi1     0x200007a4       0x58 ./Core/Src/main.o
                0x200007a4                hspi1
 .bss.hspi3     0x200007fc       0x58 ./Core/Src/main.o
                0x200007fc                hspi3
 .bss.huart2    0x20000854       0x48 ./Core/Src/main.o
                0x20000854                huart2
 .bss.Color     0x2000089c        0x4 ./Core/Src/main.o
                0x2000089c                Color
 .bss.lastDwinTick.1
                0x200008a0        0x4 ./Core/Src/main.o
 .bss.lastDebugTick.0
                0x200008a4        0x4 ./Core/Src/main.o
 .bss.colstart  0x200008a8        0x1 ./Core/Src/st7735.o
                0x200008a8                colstart
 .bss.rowstart  0x200008a9        0x1 ./Core/Src/st7735.o
                0x200008a9                rowstart
 *fill*         0x200008aa        0x2 
 .bss.__sbrk_heap_end
                0x200008ac        0x4 ./Core/Src/sysmem.o
 .bss.pulse_count
                0x200008b0        0x4 ./Core/Src/tcs3200.o
                0x200008b0                pulse_count
 .bss.CardType  0x200008b4        0x1 ./Core/Src/user_diskio.o
 *fill*         0x200008b5        0x3 
 .bss.uwTick    0x200008b8        0x4 ./Drivers/STM32F4xx_HAL_Driver/Src/stm32f4xx_hal.o
                0x200008b8                uwTick
 .bss.__malloc_sbrk_start
                0x200008bc        0x4 C:/ST/STM32CubeIDE_2.0.0/STM32CubeIDE/plugins/com.st.stm32cube.ide.mcu.externaltools.gnu-tools-for-stm32.13.3.rel1.win32_1.0.100.202509120712/tools/bin/../lib/gcc/arm-none-eabi/13.3.1/../../../../arm-none-eabi/lib/thumb/v7e-m+fp/hard\libc_nano.a(libc_a-mallocr.o)
                0x200008bc                __malloc_sbrk_start
 .bss.__malloc_free_list
                0x200008c0        0x4 C:/ST/STM32CubeIDE_2.0.0/STM32CubeIDE/plugins/com.st.stm32cube.ide.mcu.externaltools.gnu-tools-for-stm32.13.3.rel1.win32_1.0.100.202509120712/tools/bin/../lib/gcc/arm-none-eabi/13.3.1/../../../../arm-none-eabi/lib/thumb/v7e-m+fp/hard\libc_nano.a(libc_a-mallocr.o)
                0x200008c0                __malloc_free_list
 .bss.__sf      0x200008c4      0x138 C:/ST/STM32CubeIDE_2.0.0/STM32CubeIDE/plugins/com.st.stm32cube.ide.mcu.externaltools.gnu-tools-for-stm32.13.3.rel1.win32_1.0.100.202509120712/tools/bin/../lib/gcc/arm-none-eabi/13.3.1/../../../../arm-none-eabi/lib/thumb/v7e-m+fp/hard\libc_nano.a(libc_a-findfp.o)
                0x200008c4                __sf
 .bss.__stdio_exit_handler
                0x200009fc        0x4 C:/ST/STM32CubeIDE_2.0.0/STM32CubeIDE/plugins/com.st.stm32cube.ide.mcu.externaltools.gnu-tools-for-stm32.13.3.rel1.win32_1.0.100.202509120712/tools/bin/../lib/gcc/arm-none-eabi/13.3.1/../../../../arm-none-eabi/lib/thumb/v7e-m+fp/hard\libc_nano.a(libc_a-findfp.o)
                0x200009fc                __stdio_exit_handler
 .bss.errno     0x20000a00        0x4 C:/ST/STM32CubeIDE_2.0.0/STM32CubeIDE/plugins/com.st.stm32cube.ide.mcu.externaltools.gnu-tools-for-stm32.13.3.rel1.win32_1.0.100.202509120712/tools/bin/../lib/gcc/arm-none-eabi/13.3.1/../../../../arm-none-eabi/lib/thumb/v7e-m+fp/hard\libc_nano.a(libc_a-reent.o)
                0x20000a00                errno
 .bss.__lock___malloc_recursive_mutex
                0x20000a04        0x1 C:/ST/STM32CubeIDE_2.0.0/STM32CubeIDE/plugins/com.st.stm32cube.ide.mcu.externaltools.gnu-tools-for-stm32.13.3.rel1.win32_1.0.100.202509120712/tools/bin/../lib/gcc/arm-none-eabi/13.3.1/../../../../arm-none-eabi/lib/thumb/v7e-m+fp/hard\libc_nano.a(libc_a-lock.o)
                0x20000a04                __lock___malloc_recursive_mutex
 .bss.__lock___sfp_recursive_mutex
                0x20000a05        0x1 C:/ST/STM32CubeIDE_2.0.0/STM32CubeIDE/plugins/com.st.stm32cube.ide.mcu.externaltools.gnu-tools-for-stm32.13.3.rel1.win32_1.0.100.202509120712/tools/bin/../lib/gcc/arm-none-eabi/13.3.1/../../../../arm-none-eabi/lib/thumb/v7e-m+fp/hard\libc_nano.a(libc_a-lock.o)
                0x20000a05                __lock___sfp_recursive_mutex
 *(COMMON)
                0x20000a08                        . = ALIGN (0x4)
 *fill*         0x20000a06        0x2 
                0x20000a08                        _ebss = .
                0x20000a08                        __bss_end__ = _ebss

._user_heap_stack
                0x20000a08      0x600 load address 0x0800f2e0
                0x20000a08                        . = ALIGN (0x8)
                [!provide]                        PROVIDE (end = .)
                0x20000a08                        PROVIDE (_end = .)
                0x20000c08                        . = (. + _Min_Heap_Size)
 *fill*         0x20000a08      0x200 
                0x20001008                        . = (. + _Min_Stack_Size)
 *fill*         0x20000c08      0x400 
                0x20001008                        . = ALIGN (0x8)

/DISCARD/
 libc.a(*)
 libm.a(*)
 libgcc.a(*)

.ARM.attributes
                0x00000000       0x30
 *(.ARM.attributes)
 .ARM.attributes
                0x00000000       0x22 C:/ST/STM32CubeIDE_2.0.0/STM32CubeIDE/plugins/com.st.stm32cube.ide.mcu.externaltools.gnu-tools-for-stm32.13.3.rel1.win32_1.0.100.202509120712/tools/bin/../lib/gcc/arm-none-eabi/13.3.1/thumb/v7e-m+fp/hard/crti.o
 .ARM.attributes